[Tue May 14 21:30:32.255783 2024] [php:error] [pid 784488] [client 172.70.46.230:45430] script '/var/www/html/wordpress.php' not found or unable to stat, referer: http://webdisk.derycube.com/wordpress
[Tue May 14 21:30:32.368391 2024] [php:error] [pid 784488] [client 172.70.46.230:45430] script '/var/www/html/wp.php' not found or unable to stat, referer: http://webdisk.derycube.com/wp
[Tue May 14 21:30:32.417504 2024] [php:error] [pid 784488] [client 172.70.46.230:45430] script '/var/www/html/bc.php' not found or unable to stat, referer: http://webdisk.derycube.com/bc
[Tue May 14 21:30:32.470931 2024] [php:error] [pid 784488] [client 172.70.46.230:45430] script '/var/www/html/bk.php' not found or unable to stat, referer: http://webdisk.derycube.com/bk
[Tue May 14 21:30:32.530645 2024] [php:error] [pid 784488] [client 172.70.46.230:45430] script '/var/www/html/backup.php' not found or unable to stat, referer: http://webdisk.derycube.com/backup
[Tue May 14 21:30:32.582207 2024] [php:error] [pid 784488] [client 172.70.46.230:45430] script '/var/www/html/old.php' not found or unable to stat, referer: http://webdisk.derycube.com/old
[Tue May 14 21:30:32.634304 2024] [php:error] [pid 784488] [client 172.70.46.230:45430] script '/var/www/html/new.php' not found or unable to stat, referer: http://webdisk.derycube.com/new
[Tue May 14 21:30:32.683587 2024] [php:error] [pid 784488] [client 172.70.46.230:45430] script '/var/www/html/main.php' not found or unable to stat, referer: http://webdisk.derycube.com/main
[Tue May 14 21:30:32.736232 2024] [php:error] [pid 784488] [client 172.70.46.230:45430] script '/var/www/html/home.php' not found or unable to stat, referer: http://webdisk.derycube.com/home
[Wed May 15 00:12:09.968869 2024] [php:error] [pid 784488] [client 192.241.215.53:33400] script '/var/www/html/ReportServer.php' not found or unable to stat
[Wed May 15 00:13:41.010464 2024] [php:error] [pid 917680] [client 80.82.78.39:35674] script '/var/www/html/sign.php' not found or unable to stat
[Wed May 15 03:08:55.242985 2024] [php:error] [pid 870877] [client 149.129.147.213:33740] script '/var/www/html/dns-query.php' not found or unable to stat
[Wed May 15 03:08:55.817066 2024] [php:error] [pid 870877] [client 149.129.147.213:33740] script '/var/www/html/dns-query.php' not found or unable to stat
[Wed May 15 03:08:56.601802 2024] [php:error] [pid 870877] [client 149.129.147.213:33740] script '/var/www/html/dns-query.php' not found or unable to stat
[Wed May 15 03:08:57.147430 2024] [php:error] [pid 870877] [client 149.129.147.213:33740] script '/var/www/html/dns-query.php' not found or unable to stat
[Wed May 15 03:08:57.616833 2024] [php:error] [pid 870877] [client 149.129.147.213:33740] script '/var/www/html/dns-query.php' not found or unable to stat
[Wed May 15 03:08:59.130838 2024] [php:error] [pid 870877] [client 149.129.147.213:33740] script '/var/www/html/dns-query.php' not found or unable to stat
[Wed May 15 03:09:01.355217 2024] [php:error] [pid 870877] [client 149.129.147.213:33740] script '/var/www/html/query.php' not found or unable to stat
[Wed May 15 03:09:03.064951 2024] [php:error] [pid 870877] [client 149.129.147.213:33740] script '/var/www/html/query.php' not found or unable to stat
[Wed May 15 03:09:03.691636 2024] [php:error] [pid 870877] [client 149.129.147.213:33740] script '/var/www/html/query.php' not found or unable to stat
[Wed May 15 03:09:05.372751 2024] [php:error] [pid 870877] [client 149.129.147.213:33740] script '/var/www/html/query.php' not found or unable to stat
[Wed May 15 03:09:07.493194 2024] [php:error] [pid 870877] [client 149.129.147.213:33740] script '/var/www/html/query.php' not found or unable to stat
[Wed May 15 03:09:08.080910 2024] [php:error] [pid 870877] [client 149.129.147.213:33740] script '/var/www/html/query.php' not found or unable to stat
[Wed May 15 03:09:08.953490 2024] [php:error] [pid 870877] [client 149.129.147.213:33740] script '/var/www/html/resolve.php' not found or unable to stat
[Wed May 15 03:09:09.584736 2024] [php:error] [pid 870877] [client 149.129.147.213:33740] script '/var/www/html/resolve.php' not found or unable to stat
[Wed May 15 03:09:11.030949 2024] [php:error] [pid 870877] [client 149.129.147.213:33740] script '/var/www/html/resolve.php' not found or unable to stat
[Wed May 15 03:09:11.695184 2024] [php:error] [pid 870877] [client 149.129.147.213:33740] script '/var/www/html/resolve.php' not found or unable to stat
[Wed May 15 03:09:12.219846 2024] [php:error] [pid 870877] [client 149.129.147.213:33740] script '/var/www/html/resolve.php' not found or unable to stat
[Wed May 15 03:09:13.512819 2024] [php:error] [pid 870877] [client 149.129.147.213:33740] script '/var/www/html/resolve.php' not found or unable to stat
[Wed May 15 03:13:43.769326 2024] [php:error] [pid 915440] [client 120.85.114.143:26757] script '/var/www/html/shell.php' not found or unable to stat
[Wed May 15 04:16:19.970069 2024] [core:error] [pid 889640] [client 167.94.145.111:36964] AH10244: invalid URI path (/../Images/cmwicon.png)
[Wed May 15 07:08:16.499069 2024] [php:warn] [pid 867797] [client 90.53.151.202:49439] PHP Warning:  include(../../footer.php): Failed to open stream: No such file or directory in /var/www/html/pages/mma/evenementmma.php on line 168, referer: https://www.cmwfight.fr/
[Wed May 15 07:08:16.499483 2024] [php:warn] [pid 867797] [client 90.53.151.202:49439] PHP Warning:  include(): Failed opening '../../footer.php' for inclusion (include_path='.:/usr/share/php') in /var/www/html/pages/mma/evenementmma.php on line 168, referer: https://www.cmwfight.fr/
[Wed May 15 07:09:45.974700 2024] [php:warn] [pid 928322] [client 90.53.151.202:57942] PHP Warning:  include(../../footer.php): Failed to open stream: No such file or directory in /var/www/html/pages/mma/evenementmma.php on line 168, referer: https://www.cmwfight.fr/
[Wed May 15 07:09:45.974921 2024] [php:warn] [pid 928322] [client 90.53.151.202:57942] PHP Warning:  include(): Failed opening '../../footer.php' for inclusion (include_path='.:/usr/share/php') in /var/www/html/pages/mma/evenementmma.php on line 168, referer: https://www.cmwfight.fr/
[Wed May 15 10:42:27.956815 2024] [php:error] [pid 928317] [client 167.172.89.248:53450] script '/var/www/html/aaa9.php' not found or unable to stat
[Wed May 15 10:42:30.302989 2024] [php:error] [pid 889640] [client 167.172.89.248:53456] script '/var/www/html/aab8.php' not found or unable to stat
[Wed May 15 11:06:28.721827 2024] [php:error] [pid 928318] [client 185.180.143.79:36924] script '/var/www/html/status.php' not found or unable to stat
[Wed May 15 11:08:42.039794 2024] [core:error] [pid 928320] [client 167.94.146.59:53632] AH10244: invalid URI path (/../Images/cmwicon.png)
[Wed May 15 11:16:52.691460 2024] [php:error] [pid 928316] [client 157.97.121.137:58025] script '/var/www/html/live_env .php' not found or unable to stat
[Wed May 15 11:16:52.712338 2024] [php:error] [pid 928318] [client 157.97.121.139:58861] script '/var/www/html/live_env .php' not found or unable to stat
[Wed May 15 11:16:53.991369 2024] [php:error] [pid 928322] [client 157.97.121.116:56799] script '/var/www/html/live_env .php' not found or unable to stat
[Wed May 15 11:16:56.109186 2024] [php:error] [pid 928323] [client 157.97.121.141:10011] script '/var/www/html/live_env .php' not found or unable to stat
[Wed May 15 11:17:56.379020 2024] [php:error] [pid 928316] [client 157.97.121.126:41731] script '/var/www/html/app_dev.php' not found or unable to stat
[Wed May 15 11:18:02.943762 2024] [php:error] [pid 928316] [client 157.97.121.122:9121] script '/var/www/html/app_dev.php' not found or unable to stat
[Wed May 15 11:18:03.364951 2024] [php:error] [pid 928318] [client 157.97.121.126:65049] script '/var/www/html/phpinfo.php' not found or unable to stat
[Wed May 15 11:18:04.029750 2024] [php:error] [pid 928320] [client 157.97.121.133:40591] script '/var/www/html/info.php' not found or unable to stat
[Wed May 15 11:18:06.800942 2024] [php:error] [pid 928322] [client 157.97.121.126:59575] script '/var/www/html/phpinfo.php' not found or unable to stat
[Wed May 15 11:18:07.305574 2024] [php:error] [pid 928317] [client 157.97.121.127:12067] script '/var/www/html/app_dev.php' not found or unable to stat
[Wed May 15 11:18:14.782489 2024] [php:error] [pid 928322] [client 157.97.121.128:48497] script '/var/www/html/app_dev.php' not found or unable to stat
[Wed May 15 11:18:18.087832 2024] [php:error] [pid 928318] [client 157.97.121.135:22719] script '/var/www/html/phpinfo.php' not found or unable to stat
[Wed May 15 11:18:18.358581 2024] [php:error] [pid 928320] [client 157.97.121.130:32885] script '/var/www/html/_info-backoffice.php' not found or unable to stat
[Wed May 15 11:18:18.521439 2024] [php:error] [pid 928317] [client 157.97.121.116:7921] script '/var/www/html/info.php' not found or unable to stat
[Wed May 15 11:18:18.641895 2024] [php:error] [pid 889640] [client 157.97.121.122:4977] script '/var/www/html/_info.php' not found or unable to stat
[Wed May 15 11:18:21.007738 2024] [php:error] [pid 928316] [client 157.97.121.139:4141] script '/var/www/html/phpinfo.php' not found or unable to stat
[Wed May 15 11:18:21.926789 2024] [php:error] [pid 928318] [client 157.97.121.128:49861] script '/var/www/html/_phpinf.php' not found or unable to stat
[Wed May 15 11:18:22.216472 2024] [php:error] [pid 928317] [client 157.97.121.119:37813] script '/var/www/html/_phpinfo.php' not found or unable to stat
[Wed May 15 11:18:22.556096 2024] [php:error] [pid 889640] [client 157.97.121.126:61891] script '/var/www/html/__info.php' not found or unable to stat
[Wed May 15 11:18:23.053937 2024] [php:error] [pid 930845] [client 157.97.121.130:37675] script '/var/www/html/_info-backoffice.php' not found or unable to stat
[Wed May 15 11:18:23.532175 2024] [php:error] [pid 928323] [client 157.97.121.133:7865] script '/var/www/html/_poopinfo.php' not found or unable to stat
[Wed May 15 11:18:27.587778 2024] [php:error] [pid 928255] [client 157.97.121.132:64371] script '/var/www/html/0.0_phpinfo.php' not found or unable to stat
[Wed May 15 11:18:29.734563 2024] [php:error] [pid 928322] [client 157.97.121.118:49405] script '/var/www/html/_phpinf.php' not found or unable to stat
[Wed May 15 11:18:31.119189 2024] [php:error] [pid 928318] [client 157.97.121.117:58401] script '/var/www/html/_phpinfo.php' not found or unable to stat
[Wed May 15 11:18:32.943946 2024] [php:error] [pid 928320] [client 157.97.121.138:64545] script '/var/www/html/02-info.php' not found or unable to stat
[Wed May 15 11:18:34.256550 2024] [php:error] [pid 928317] [client 157.97.121.139:33675] script '/var/www/html/1_1_PhpInfo.php' not found or unable to stat
[Wed May 15 11:18:34.574787 2024] [php:error] [pid 930845] [client 157.97.121.138:60957] script '/var/www/html/5info.php' not found or unable to stat
[Wed May 15 11:18:34.631662 2024] [php:error] [pid 889640] [client 157.97.121.119:40981] script '/var/www/html/_poopinfo.php' not found or unable to stat
[Wed May 15 11:18:39.239019 2024] [php:error] [pid 928322] [client 157.97.121.124:21945] script '/var/www/html/0.0_phpinfo.php' not found or unable to stat
[Wed May 15 11:18:40.941159 2024] [php:error] [pid 928318] [client 157.97.121.141:6035] script '/var/www/html/00_server_info.php' not found or unable to stat
[Wed May 15 11:18:44.363625 2024] [php:error] [pid 928320] [client 157.97.121.131:30141] script '/var/www/html/02-info.php' not found or unable to stat
[Wed May 15 11:18:44.682945 2024] [php:error] [pid 928317] [client 157.97.121.126:9003] script '/var/www/html/1_1_PhpInfo.php' not found or unable to stat
[Wed May 15 11:18:45.053277 2024] [php:error] [pid 930845] [client 157.97.121.119:31367] script '/var/www/html/5info.php' not found or unable to stat
[Wed May 15 15:23:53.505309 2024] [php:error] [pid 889640] [client 185.180.143.138:47802] script '/var/www/html/status.php' not found or unable to stat
[Wed May 15 17:32:21.939428 2024] [core:error] [pid 928317] [client 123.58.213.118:49978] AH10244: invalid URI path (/../Images/cmwicon.png)
[Wed May 15 17:34:01.314959 2024] [core:error] [pid 928320] [client 2602:80d:1000:b0cc:e:2:8:6:43664] AH10244: invalid URI path (/../Images/cmwicon.png)
[Wed May 15 19:43:58.881391 2024] [php:warn] [pid 928318] [client 94.228.185.34:64821] PHP Warning:  include(../../footer.php): Failed to open stream: No such file or directory in /var/www/html/pages/boxe/classementboxe.php on line 287, referer: https://www.cmwfight.fr/
[Wed May 15 19:43:58.881553 2024] [php:warn] [pid 928318] [client 94.228.185.34:64821] PHP Warning:  include(): Failed opening '../../footer.php' for inclusion (include_path='.:/usr/share/php') in /var/www/html/pages/boxe/classementboxe.php on line 287, referer: https://www.cmwfight.fr/
[Wed May 15 21:41:07.072051 2024] [php:error] [pid 889640] [client 91.167.34.88:55420] script '/var/www/html/about.php' not found or unable to stat, referer: https://www.cmwfight.fr/index
[Wed May 15 21:41:16.272357 2024] [php:warn] [pid 915594] [client 91.167.34.88:55427] PHP Warning:  include(../../footer.php): Failed to open stream: No such file or directory in /var/www/html/pages/boxe/evenementboxe.php on line 113, referer: https://www.cmwfight.fr/pages/mma/combattantmma
[Wed May 15 21:41:16.272554 2024] [php:warn] [pid 915594] [client 91.167.34.88:55427] PHP Warning:  include(): Failed opening '../../footer.php' for inclusion (include_path='.:/usr/share/php') in /var/www/html/pages/boxe/evenementboxe.php on line 113, referer: https://www.cmwfight.fr/pages/mma/combattantmma
[Wed May 15 21:41:19.363382 2024] [php:error] [pid 915594] [client 91.167.34.88:55427] script '/var/www/html/pages/boxe/fidirs0.php' not found or unable to stat, referer: https://www.cmwfight.fr/pages/boxe/evenementboxe
[Wed May 15 23:49:06.831013 2024] [core:error] [pid 915594] [client 162.142.125.215:47352] AH10244: invalid URI path (/../Images/cmwicon.png)
[Thu May 16 04:13:33.683409 2024] [php:error] [pid 928318] [client 157.230.116.238:40903] script '/var/www/html/odinhttpcall1715832813.php' not found or unable to stat
[Thu May 16 04:13:33.699675 2024] [php:error] [pid 928323] [client 157.230.116.238:40109] script '/var/www/html/sdk.php' not found or unable to stat
[Thu May 16 04:13:33.832958 2024] [php:error] [pid 915594] [client 157.230.116.238:40553] script '/var/www/html/HNAP1.php' not found or unable to stat
[Thu May 16 04:13:34.721283 2024] [core:error] [pid 889640] [client 46.101.123.186:46762] AH10244: invalid URI path (/../Images/cmwicon.png)
[Thu May 16 11:12:00.047501 2024] [php:error] [pid 936648] [client 172.71.98.202:37614] script '/var/www/html/wordpress.php' not found or unable to stat, referer: http://webmail.derycube.com/wordpress
[Thu May 16 11:12:00.165977 2024] [php:error] [pid 936648] [client 172.71.98.202:37614] script '/var/www/html/wp.php' not found or unable to stat, referer: http://webmail.derycube.com/wp
[Thu May 16 11:12:00.217857 2024] [php:error] [pid 936648] [client 172.71.98.202:37614] script '/var/www/html/bc.php' not found or unable to stat, referer: http://webmail.derycube.com/bc
[Thu May 16 11:12:00.273034 2024] [php:error] [pid 936648] [client 172.71.98.202:37614] script '/var/www/html/bk.php' not found or unable to stat, referer: http://webmail.derycube.com/bk
[Thu May 16 11:12:00.330550 2024] [php:error] [pid 936648] [client 172.71.98.202:37614] script '/var/www/html/backup.php' not found or unable to stat, referer: http://webmail.derycube.com/backup
[Thu May 16 11:12:00.384978 2024] [php:error] [pid 936648] [client 172.71.98.202:37614] script '/var/www/html/old.php' not found or unable to stat, referer: http://webmail.derycube.com/old
[Thu May 16 11:12:00.440628 2024] [php:error] [pid 936648] [client 172.71.98.202:37614] script '/var/www/html/new.php' not found or unable to stat, referer: http://webmail.derycube.com/new
[Thu May 16 11:12:00.491948 2024] [php:error] [pid 936648] [client 172.71.98.202:37614] script '/var/www/html/main.php' not found or unable to stat, referer: http://webmail.derycube.com/main
[Thu May 16 11:12:00.543837 2024] [php:error] [pid 936648] [client 172.71.98.202:37614] script '/var/www/html/home.php' not found or unable to stat, referer: http://webmail.derycube.com/home
[Thu May 16 12:14:00.230582 2024] [php:error] [pid 928316] [client 198.199.105.69:55692] script '/var/www/html/hudson.php' not found or unable to stat
[Thu May 16 12:44:23.103022 2024] [php:error] [pid 936648] [client 192.241.213.41:33816] script '/var/www/html/version.php' not found or unable to stat
[Thu May 16 13:04:55.857339 2024] [core:error] [pid 928317] [client 199.45.154.60:55436] AH10244: invalid URI path (/../Images/cmwicon.png)
[Thu May 16 14:45:14.879058 2024] [php:error] [pid 928323] [client 84.54.51.13:35234] script '/var/www/html/login.php' not found or unable to stat
[Thu May 16 16:49:27.147998 2024] [php:error] [pid 928318] [client 172.105.77.209:55891] script '/var/www/html/0bef.php' not found or unable to stat
[Thu May 16 17:34:09.284684 2024] [php:error] [pid 928316] [client 50.21.188.18:46751] script '/var/www/html/wp-cron.php' not found or unable to stat
[Thu May 16 17:38:43.553855 2024] [core:error] [pid 936648] [client 50.21.188.38:37535] AH10244: invalid URI path (/../pages/boxe/evenementboxe)
[Thu May 16 17:38:44.326541 2024] [core:error] [pid 889640] [client 50.21.188.8:36209] AH10244: invalid URI path (/../auth/inscription)
[Thu May 16 17:38:52.095021 2024] [core:error] [pid 937310] [client 50.21.188.38:55001] AH10244: invalid URI path (/../auth/connexion.php)
[Thu May 16 17:38:53.629983 2024] [core:error] [pid 928322] [client 50.21.188.48:56721] AH10244: invalid URI path (/../about)
[Thu May 16 17:38:56.260507 2024] [core:error] [pid 935298] [client 50.21.188.8:57921] AH10244: invalid URI path (/../pages/mma/classementmma)
[Thu May 16 17:38:58.108528 2024] [core:error] [pid 928318] [client 50.21.188.48:55833] AH10244: invalid URI path (/../pages/mma/evenementmma)
[Thu May 16 17:38:58.589687 2024] [core:error] [pid 928317] [client 50.21.188.28:49749] AH10244: invalid URI path (/../pages/boxe/classementboxe)
[Thu May 16 17:39:04.505109 2024] [core:error] [pid 928323] [client 50.21.188.18:52937] AH10244: invalid URI path (/../)
[Thu May 16 17:39:06.485262 2024] [core:error] [pid 915594] [client 50.21.188.38:36731] AH10244: invalid URI path (/../pages/mma/combattantmma)
[Thu May 16 17:39:08.068834 2024] [core:error] [pid 928316] [client 50.21.188.38:58963] AH10244: invalid URI path (/../index)
[Thu May 16 18:06:33.151425 2024] [php:error] [pid 936648] [client 94.156.8.73:46096] script '/var/www/html/portal.php' not found or unable to stat
[Thu May 16 19:07:08.769569 2024] [php:error] [pid 928322] [client 198.251.73.92:59335] script '/var/www/html/wp-cron.php' not found or unable to stat
[Thu May 16 19:12:43.584998 2024] [core:error] [pid 935298] [client 198.251.73.102:47883] AH10244: invalid URI path (/../index)
[Thu May 16 19:12:44.860617 2024] [core:error] [pid 928318] [client 198.251.73.102:34801] AH10244: invalid URI path (/../auth/connexion.php)
[Thu May 16 19:12:45.025952 2024] [core:error] [pid 928317] [client 198.251.73.82:35671] AH10244: invalid URI path (/../pages/mma/classementmma)
[Thu May 16 19:12:48.167916 2024] [core:error] [pid 928323] [client 198.251.73.72:53843] AH10244: invalid URI path (/../pages/mma/evenementmma)
[Thu May 16 19:12:49.444037 2024] [core:error] [pid 915594] [client 198.251.73.72:37183] AH10244: invalid URI path (/../pages/boxe/classementboxe)
[Thu May 16 19:12:50.384592 2024] [core:error] [pid 928316] [client 198.251.73.102:47423] AH10244: invalid URI path (/../pages/boxe/evenementboxe)
[Thu May 16 19:12:56.425739 2024] [core:error] [pid 936648] [client 198.251.73.72:39913] AH10244: invalid URI path (/../auth/inscription)
[Thu May 16 19:13:01.526811 2024] [core:error] [pid 889640] [client 198.251.73.92:42947] AH10244: invalid URI path (/../about)
[Thu May 16 19:13:03.284500 2024] [core:error] [pid 937310] [client 198.251.73.72:36139] AH10244: invalid URI path (/../pages/mma/combattantmma)
[Thu May 16 19:13:03.874080 2024] [core:error] [pid 928322] [client 198.251.73.82:55407] AH10244: invalid URI path (/../)
[Thu May 16 19:16:25.616232 2024] [core:error] [pid 928323] [client 167.94.146.52:39128] AH10244: invalid URI path (/../Images/cmwicon.png)
[Thu May 16 19:23:24.086424 2024] [core:error] [pid 928322] [client 167.94.138.62:52214] AH10244: invalid URI path (/../Images/cmwicon.png)
[Thu May 16 19:26:21.523843 2024] [php:error] [pid 915594] [client 208.100.26.231:39134] script '/var/www/html/nmaplowercheck1715887580.php' not found or unable to stat
[Thu May 16 19:26:21.835475 2024] [php:error] [pid 928316] [client 208.100.26.231:39142] script '/var/www/html/sdk.php' not found or unable to stat
[Thu May 16 19:26:22.040466 2024] [php:error] [pid 937310] [client 208.100.26.231:39160] script '/var/www/html/HNAP1.php' not found or unable to stat
[Thu May 16 21:10:11.852098 2024] [core:error] [pid 889640] [client 149.56.150.110:59481] AH10244: invalid URI path (/../pages/mma/combattantmma)
[Thu May 16 21:10:13.021775 2024] [core:error] [pid 935298] [client 149.56.150.110:34579] AH10244: invalid URI path (/../)
[Thu May 16 21:10:14.013164 2024] [core:error] [pid 928318] [client 149.56.150.110:58535] AH10244: invalid URI path (/../pages/boxe/evenementboxe)
[Thu May 16 21:10:15.022944 2024] [core:error] [pid 928317] [client 149.56.150.110:53889] AH10244: invalid URI path (/../pages/mma/evenementmma)
[Thu May 16 21:10:16.031430 2024] [core:error] [pid 928323] [client 149.56.150.110:46061] AH10244: invalid URI path (/../pages/boxe/classementboxe)
[Thu May 16 21:10:17.015724 2024] [core:error] [pid 915594] [client 149.56.150.110:46435] AH10244: invalid URI path (/../pages/mma/classementmma)
[Thu May 16 21:10:18.015367 2024] [core:error] [pid 937310] [client 149.56.150.110:52303] AH10244: invalid URI path (/../index)
[Thu May 16 21:10:19.022089 2024] [core:error] [pid 889640] [client 149.56.150.110:43773] AH10244: invalid URI path (/../about)
[Thu May 16 21:10:20.028802 2024] [core:error] [pid 935298] [client 149.56.150.110:57863] AH10244: invalid URI path (/../auth/connexion.php)
[Thu May 16 23:31:21.286155 2024] [core:error] [pid 952017] [client 152.32.234.39:33446] AH10244: invalid URI path (/../Images/cmwicon.png)
[Fri May 17 02:20:03.305719 2024] [core:error] [pid 928323] [client 184.94.240.88:38482] AH10244: invalid URI path (/../about)
[Fri May 17 02:20:04.575900 2024] [core:error] [pid 937310] [client 184.94.240.88:61186] AH10244: invalid URI path (/../)
[Fri May 17 02:20:05.404868 2024] [core:error] [pid 935298] [client 184.94.240.88:38534] AH10244: invalid URI path (/../index)
[Fri May 17 02:20:06.368291 2024] [core:error] [pid 936648] [client 184.94.240.88:28696] AH10244: invalid URI path (/../auth/inscription)
[Fri May 17 02:20:07.251819 2024] [core:error] [pid 952016] [client 184.94.240.88:38568] AH10244: invalid URI path (/../auth/connexion.php)
[Fri May 17 02:20:08.004911 2024] [core:error] [pid 952018] [client 184.94.240.88:38578] AH10244: invalid URI path (/../pages/mma/evenementmma)
[Fri May 17 02:20:08.648153 2024] [core:error] [pid 889640] [client 184.94.240.88:4371] AH10244: invalid URI path (/../pages/mma/combattantmma)
[Fri May 17 02:20:09.347191 2024] [core:error] [pid 952017] [client 184.94.240.88:23110] AH10244: invalid URI path (/../pages/mma/classementmma)
[Fri May 17 02:20:10.199291 2024] [core:error] [pid 928322] [client 184.94.240.88:57518] AH10244: invalid URI path (/../pages/boxe/evenementboxe)
[Fri May 17 02:20:10.961147 2024] [core:error] [pid 915594] [client 184.94.240.88:49481] AH10244: invalid URI path (/../pages/boxe/classementboxe)
[Fri May 17 03:25:43.122747 2024] [core:error] [pid 952016] [client 184.94.240.88:43456] AH10244: invalid URI path (/../about)
[Fri May 17 03:26:00.267020 2024] [core:error] [pid 928322] [client 184.94.240.88:43556] AH10244: invalid URI path (/../)
[Fri May 17 03:26:06.010552 2024] [core:error] [pid 915594] [client 184.94.240.88:43588] AH10244: invalid URI path (/../index)
[Fri May 17 03:26:06.886412 2024] [core:error] [pid 937310] [client 184.94.240.88:43612] AH10244: invalid URI path (/../auth/inscription)
[Fri May 17 03:26:14.670845 2024] [core:error] [pid 935298] [client 184.94.240.88:43658] AH10244: invalid URI path (/../auth/connexion.php)
[Fri May 17 03:26:25.533434 2024] [core:error] [pid 936648] [client 184.94.240.88:45579] AH10244: invalid URI path (/../pages/mma/evenementmma)
[Fri May 17 03:26:27.899846 2024] [core:error] [pid 928323] [client 184.94.240.88:39165] AH10244: invalid URI path (/../pages/mma/combattantmma)
[Fri May 17 03:26:38.291723 2024] [core:error] [pid 952017] [client 184.94.240.88:43782] AH10244: invalid URI path (/../pages/mma/classementmma)
[Fri May 17 05:10:21.029407 2024] [core:error] [pid 952018] [client 167.94.138.59:44952] AH10244: invalid URI path (/../Images/cmwicon.png)
[Fri May 17 06:22:17.736922 2024] [php:error] [pid 928322] [client 192.241.213.27:33710] script '/var/www/html/ReportServer.php' not found or unable to stat
[Fri May 17 08:04:13.229564 2024] [core:error] [pid 928322] [client 167.94.138.62:60862] AH10244: invalid URI path (/../Images/cmwicon.png)
[Fri May 17 09:25:59.081876 2024] [php:warn] [pid 889640] [client 66.249.77.140:50898] PHP Warning:  include(../../footer.php): Failed to open stream: No such file or directory in /var/www/html/pages/mma/evenementmma.php on line 168
[Fri May 17 09:25:59.082188 2024] [php:warn] [pid 889640] [client 66.249.77.140:50898] PHP Warning:  include(): Failed opening '../../footer.php' for inclusion (include_path='.:/usr/share/php') in /var/www/html/pages/mma/evenementmma.php on line 168
[Fri May 17 10:10:30.932546 2024] [php:warn] [pid 928322] [client 165.225.20.180:11839] PHP Warning:  include(../../footer.php): Failed to open stream: No such file or directory in /var/www/html/pages/boxe/evenementboxe.php on line 113, referer: http://cmwfight.fr/
[Fri May 17 10:10:30.932821 2024] [php:warn] [pid 928322] [client 165.225.20.180:11839] PHP Warning:  include(): Failed opening '../../footer.php' for inclusion (include_path='.:/usr/share/php') in /var/www/html/pages/boxe/evenementboxe.php on line 113, referer: http://cmwfight.fr/
[Fri May 17 10:10:35.430965 2024] [php:error] [pid 956598] [client 165.225.20.180:11835] script '/var/www/html/about.php' not found or unable to stat, referer: http://cmwfight.fr/index
[Fri May 17 10:10:39.202740 2024] [php:warn] [pid 956597] [client 165.225.20.180:11836] PHP Warning:  include(../../footer.php): Failed to open stream: No such file or directory in /var/www/html/pages/boxe/classementboxe.php on line 287, referer: http://cmwfight.fr/index
[Fri May 17 10:10:39.202818 2024] [php:warn] [pid 956597] [client 165.225.20.180:11836] PHP Warning:  include(): Failed opening '../../footer.php' for inclusion (include_path='.:/usr/share/php') in /var/www/html/pages/boxe/classementboxe.php on line 287, referer: http://cmwfight.fr/index
[Fri May 17 10:10:57.367551 2024] [php:warn] [pid 915594] [client 165.225.20.180:38079] PHP Warning:  include(../../footer.php): Failed to open stream: No such file or directory in /var/www/html/pages/mma/classementmma.php on line 334, referer: http://cmwfight.fr/pages/boxe/classementboxe
[Fri May 17 10:10:57.367700 2024] [php:warn] [pid 915594] [client 165.225.20.180:38079] PHP Warning:  include(): Failed opening '../../footer.php' for inclusion (include_path='.:/usr/share/php') in /var/www/html/pages/mma/classementmma.php on line 334, referer: http://cmwfight.fr/pages/boxe/classementboxe
[Fri May 17 12:20:38.660260 2024] [core:error] [pid 956597] [client 2602:80d:1000:b0cc:e:2:5:a:46488] AH10244: invalid URI path (/../Images/cmwicon.png)
[Fri May 17 12:30:10.160593 2024] [core:error] [pid 937310] [client 2602:80d:1000:b0cc:e:2:6:5:51648] AH10244: invalid URI path (/../Images/cmwicon.png)
[Fri May 17 12:36:14.533823 2024] [core:error] [pid 956601] [client 2602:80d:1000:b0cc:e:2:5:9:44380] AH10244: invalid URI path (/../Images/cmwicon.png)
[Fri May 17 13:30:06.143421 2024] [php:warn] [pid 956602] [client 66.249.72.138:65439] PHP Warning:  include(../../footer.php): Failed to open stream: No such file or directory in /var/www/html/pages/boxe/classementboxe.php on line 287
[Fri May 17 13:30:06.143620 2024] [php:warn] [pid 956602] [client 66.249.72.138:65439] PHP Warning:  include(): Failed opening '../../footer.php' for inclusion (include_path='.:/usr/share/php') in /var/www/html/pages/boxe/classementboxe.php on line 287
[Fri May 17 13:33:45.184918 2024] [php:error] [pid 956598] [client 64.226.90.187:18467] script '/var/www/html/sdk.php' not found or unable to stat
[Fri May 17 13:33:45.186803 2024] [php:error] [pid 952017] [client 64.226.90.187:21405] script '/var/www/html/odinhttpcall1715952825.php' not found or unable to stat
[Fri May 17 13:33:45.229332 2024] [php:error] [pid 937310] [client 64.226.90.187:2979] script '/var/www/html/HNAP1.php' not found or unable to stat
[Fri May 17 13:33:45.425325 2024] [php:error] [pid 956597] [client 157.230.111.21:42158] script '/var/www/html/query.php' not found or unable to stat
[Fri May 17 13:39:24.073391 2024] [core:error] [pid 936648] [client 157.230.103.69:46060] AH10244: invalid URI path (/../Images/cmwicon.png)
[Fri May 17 15:44:57.347836 2024] [core:error] [pid 956598] [client 139.212.69.70:8944] AH10244: invalid URI path (/../Images/cmwicon.png)
[Fri May 17 16:47:05.990954 2024] [php:error] [pid 956598] [client 106.75.166.204:43524] script '/var/www/html/dqgqoeCXckuwPtxov.php' not found or unable to stat
[Fri May 17 16:47:06.820031 2024] [php:error] [pid 952017] [client 106.75.166.204:46696] script '/var/www/html/dqgqoeCXckuwPtxov.php' not found or unable to stat
[Fri May 17 17:27:56.640502 2024] [php:error] [pid 937310] [client 45.156.129.7:44258] script '/var/www/html/identity.php' not found or unable to stat
[Fri May 17 17:28:12.301340 2024] [core:error] [pid 956597] [client 45.156.129.7:56550] AH10244: invalid URI path (/icons/.%%32%65/.%%32%65/apache2/icons/non-existant-image.png)
[Fri May 17 17:28:12.529002 2024] [core:error] [pid 956602] [client 45.156.129.7:56552] AH10244: invalid URI path (/icons/.%%32%65/.%%32%65/apache2/icons/sphere1.png)
[Fri May 17 17:28:12.739546 2024] [core:error] [pid 956598] [client 45.156.129.7:56558] AH10244: invalid URI path (/icons/.%2e/%2e%2e/apache2/icons/sphere1.png)
[Fri May 17 17:28:27.111066 2024] [authz_core:error] [pid 956597] [client 45.156.129.7:45440] AH01630: client denied by server configuration: /var/www/html/admin/.php
[Fri May 17 18:19:58.937434 2024] [php:error] [pid 937310] [client 195.117.36.241:52516] script '/var/www/html/wp-login.php' not found or unable to stat, referer: http://www.cmwfight.fr/wp-login.php
[Fri May 17 19:29:23.530085 2024] [php:error] [pid 936648] [client 212.38.40.210:49354] script '/var/www/html/wp-login.php' not found or unable to stat
[Fri May 17 20:18:35.116131 2024] [core:error] [pid 956598] [client 2620:96:e000:b0cc:e:2:2:8:43540] AH10244: invalid URI path (/../Images/cmwicon.png)
[Fri May 17 20:43:00.866835 2024] [core:error] [pid 952017] [client 175.152.32.115:17643] AH10244: invalid URI path (/../Images/cmwicon.png)
[Fri May 17 20:55:47.972443 2024] [php:warn] [pid 936648] [client 88.167.228.154:61370] PHP Warning:  include(../../footer.php): Failed to open stream: No such file or directory in /var/www/html/pages/boxe/classementboxe.php on line 287, referer: https://www.cmwfight.fr/auth/connexion
[Fri May 17 20:55:47.972635 2024] [php:warn] [pid 936648] [client 88.167.228.154:61370] PHP Warning:  include(): Failed opening '../../footer.php' for inclusion (include_path='.:/usr/share/php') in /var/www/html/pages/boxe/classementboxe.php on line 287, referer: https://www.cmwfight.fr/auth/connexion
[Fri May 17 21:01:34.046270 2024] [php:error] [pid 956602] [client 162.158.190.16:59076] script '/var/www/html/wp-login.php' not found or unable to stat, referer: http://webmail.derycube.com/wp-login.php
[Fri May 17 22:49:04.649841 2024] [php:error] [pid 956596] [client 172.71.218.177:36626] script '/var/www/html/wp-login.php' not found or unable to stat, referer: http://webdisk.derycube.com/wp-login.php
[Sat May 18 03:05:51.583391 2024] [php:error] [pid 952017] [client 193.36.225.230:12415] script '/var/www/html/app_dev.php' not found or unable to stat
[Sat May 18 03:05:55.819893 2024] [php:error] [pid 956596] [client 192.109.205.96:50793] script '/var/www/html/app_dev.php' not found or unable to stat
[Sat May 18 03:05:56.182898 2024] [php:error] [pid 937310] [client 193.36.225.207:32085] script '/var/www/html/phpinfo.php' not found or unable to stat
[Sat May 18 03:05:57.019373 2024] [php:error] [pid 956597] [client 192.109.205.79:20589] script '/var/www/html/info.php' not found or unable to stat
[Sat May 18 03:06:47.760634 2024] [php:error] [pid 956602] [client 192.109.205.80:50505] script '/var/www/html/app_dev.php' not found or unable to stat
[Sat May 18 03:06:57.673564 2024] [php:error] [pid 956601] [client 193.36.225.229:63655] script '/var/www/html/app_dev.php' not found or unable to stat
[Sat May 18 03:06:58.433102 2024] [php:error] [pid 956596] [client 192.109.205.74:12387] script '/var/www/html/phpinfo.php' not found or unable to stat
[Sat May 18 03:06:59.797134 2024] [php:error] [pid 937310] [client 193.36.225.222:31111] script '/var/www/html/info.php' not found or unable to stat
[Sat May 18 03:08:15.553321 2024] [authz_core:error] [pid 956601] [client 35.216.183.188:44828] AH01630: client denied by server configuration: /var/www/html/server-status
[Sat May 18 03:08:15.741260 2024] [php:error] [pid 956602] [client 35.216.183.188:44850] script '/var/www/html/info.php' not found or unable to stat
[Sat May 18 03:13:02.893961 2024] [php:error] [pid 956597] [client 149.129.147.213:37806] script '/var/www/html/dns-query.php' not found or unable to stat
[Sat May 18 03:13:04.140981 2024] [php:error] [pid 956597] [client 149.129.147.213:37806] script '/var/www/html/dns-query.php' not found or unable to stat
[Sat May 18 03:13:04.732199 2024] [php:error] [pid 956597] [client 149.129.147.213:37806] script '/var/www/html/dns-query.php' not found or unable to stat
[Sat May 18 03:13:04.853912 2024] [php:error] [pid 956597] [client 149.129.147.213:37806] script '/var/www/html/dns-query.php' not found or unable to stat
[Sat May 18 03:13:04.977590 2024] [php:error] [pid 956597] [client 149.129.147.213:37806] script '/var/www/html/dns-query.php' not found or unable to stat
[Sat May 18 03:13:05.098697 2024] [php:error] [pid 956597] [client 149.129.147.213:37806] script '/var/www/html/dns-query.php' not found or unable to stat
[Sat May 18 03:13:05.220047 2024] [php:error] [pid 956597] [client 149.129.147.213:37806] script '/var/www/html/query.php' not found or unable to stat
[Sat May 18 03:13:05.343397 2024] [php:error] [pid 956597] [client 149.129.147.213:37806] script '/var/www/html/query.php' not found or unable to stat
[Sat May 18 03:13:05.534970 2024] [php:error] [pid 956597] [client 149.129.147.213:37806] script '/var/www/html/query.php' not found or unable to stat
[Sat May 18 03:13:05.789557 2024] [php:error] [pid 956597] [client 149.129.147.213:37806] script '/var/www/html/query.php' not found or unable to stat
[Sat May 18 03:13:05.942325 2024] [php:error] [pid 956597] [client 149.129.147.213:37806] script '/var/www/html/query.php' not found or unable to stat
[Sat May 18 03:13:06.064084 2024] [php:error] [pid 956597] [client 149.129.147.213:37806] script '/var/www/html/query.php' not found or unable to stat
[Sat May 18 03:13:06.186432 2024] [php:error] [pid 956597] [client 149.129.147.213:37806] script '/var/www/html/resolve.php' not found or unable to stat
[Sat May 18 03:13:06.307951 2024] [php:error] [pid 956597] [client 149.129.147.213:37806] script '/var/www/html/resolve.php' not found or unable to stat
[Sat May 18 03:13:06.429787 2024] [php:error] [pid 956597] [client 149.129.147.213:37806] script '/var/www/html/resolve.php' not found or unable to stat
[Sat May 18 03:13:07.024116 2024] [php:error] [pid 956597] [client 149.129.147.213:37806] script '/var/www/html/resolve.php' not found or unable to stat
[Sat May 18 03:13:08.282970 2024] [php:error] [pid 956597] [client 149.129.147.213:37806] script '/var/www/html/resolve.php' not found or unable to stat
[Sat May 18 03:13:08.747367 2024] [php:error] [pid 956597] [client 149.129.147.213:37806] script '/var/www/html/resolve.php' not found or unable to stat
[Sat May 18 09:03:49.936380 2024] [php:error] [pid 956601] [client 165.227.41.17:37348] script '/var/www/html/upl.php' not found or unable to stat
[Sat May 18 09:03:50.741629 2024] [php:error] [pid 956602] [client 165.227.41.17:37370] script '/var/www/html/1.php' not found or unable to stat
[Sat May 18 09:03:51.521089 2024] [php:error] [pid 928322] [client 165.227.41.17:37400] script '/var/www/html/password.php' not found or unable to stat
[Sat May 18 09:03:51.720083 2024] [php:error] [pid 952017] [client 165.227.41.17:37412] script '/var/www/html/info.php' not found or unable to stat
[Sat May 18 09:28:24.543512 2024] [core:error] [pid 956597] [client 162.142.125.222:35576] AH10244: invalid URI path (/../Images/cmwicon.png)
[Sat May 18 11:07:01.310587 2024] [php:warn] [pid 956597] [client 40.77.167.52:15552] PHP Warning:  include(../../footer.php): Failed to open stream: No such file or directory in /var/www/html/pages/boxe/evenementboxe.php on line 113
[Sat May 18 11:07:01.310835 2024] [php:warn] [pid 956597] [client 40.77.167.52:15552] PHP Warning:  include(): Failed opening '../../footer.php' for inclusion (include_path='.:/usr/share/php') in /var/www/html/pages/boxe/evenementboxe.php on line 113
[Sat May 18 12:59:34.420037 2024] [core:error] [pid 956601] [client 167.248.133.61:47274] AH10244: invalid URI path (/../Images/cmwicon.png)
[Sat May 18 17:41:45.552634 2024] [php:error] [pid 971589] [client 5.104.108.161:47828] script '/var/www/html/wp-login.php' not found or unable to stat
[Sat May 18 20:22:31.130594 2024] [php:error] [pid 971589] [client 8.209.96.179:55926] script '/var/www/html/dns-query.php' not found or unable to stat
[Sat May 18 20:22:32.026647 2024] [php:error] [pid 971589] [client 8.209.96.179:55926] script '/var/www/html/dns-query.php' not found or unable to stat
[Sat May 18 20:22:32.254377 2024] [php:error] [pid 971589] [client 8.209.96.179:55926] script '/var/www/html/dns-query.php' not found or unable to stat
[Sat May 18 20:22:32.658655 2024] [php:error] [pid 971589] [client 8.209.96.179:55926] script '/var/www/html/dns-query.php' not found or unable to stat
[Sat May 18 20:22:33.063894 2024] [php:error] [pid 971589] [client 8.209.96.179:55926] script '/var/www/html/dns-query.php' not found or unable to stat
[Sat May 18 20:22:33.981174 2024] [php:error] [pid 971589] [client 8.209.96.179:55926] script '/var/www/html/dns-query.php' not found or unable to stat
[Sat May 18 20:22:35.076029 2024] [php:error] [pid 971589] [client 8.209.96.179:55926] script '/var/www/html/query.php' not found or unable to stat
[Sat May 18 20:22:35.373132 2024] [php:error] [pid 971589] [client 8.209.96.179:55926] script '/var/www/html/query.php' not found or unable to stat
[Sat May 18 20:22:35.612251 2024] [php:error] [pid 971589] [client 8.209.96.179:55926] script '/var/www/html/query.php' not found or unable to stat
[Sat May 18 20:22:36.099092 2024] [php:error] [pid 971589] [client 8.209.96.179:55926] script '/var/www/html/query.php' not found or unable to stat
[Sat May 18 20:22:36.384250 2024] [php:error] [pid 971589] [client 8.209.96.179:55926] script '/var/www/html/query.php' not found or unable to stat
[Sat May 18 20:22:36.598093 2024] [php:error] [pid 971589] [client 8.209.96.179:55926] script '/var/www/html/query.php' not found or unable to stat
[Sat May 18 20:22:37.045283 2024] [php:error] [pid 971589] [client 8.209.96.179:55926] script '/var/www/html/resolve.php' not found or unable to stat
[Sat May 18 20:22:37.377872 2024] [php:error] [pid 971589] [client 8.209.96.179:55926] script '/var/www/html/resolve.php' not found or unable to stat
[Sat May 18 20:22:37.627300 2024] [php:error] [pid 971589] [client 8.209.96.179:55926] script '/var/www/html/resolve.php' not found or unable to stat
[Sat May 18 20:22:38.091420 2024] [php:error] [pid 971589] [client 8.209.96.179:55926] script '/var/www/html/resolve.php' not found or unable to stat
[Sat May 18 20:22:38.442812 2024] [php:error] [pid 971589] [client 8.209.96.179:55926] script '/var/www/html/resolve.php' not found or unable to stat
[Sat May 18 20:22:38.700553 2024] [php:error] [pid 971589] [client 8.209.96.179:55926] script '/var/www/html/resolve.php' not found or unable to stat
[Sat May 18 21:34:16.996553 2024] [core:error] [pid 975858] [client 167.94.145.102:60792] AH10244: invalid URI path (/../Images/cmwicon.png)
[Sat May 18 23:32:04.233760 2024] [php:warn] [pid 975822] [client 88.169.163.78:62000] PHP Warning:  include(../../footer.php): Failed to open stream: No such file or directory in /var/www/html/pages/mma/classementmma.php on line 334, referer: https://www.cmwfight.fr/
[Sat May 18 23:32:04.233891 2024] [php:warn] [pid 975822] [client 88.169.163.78:62000] PHP Warning:  include(): Failed opening '../../footer.php' for inclusion (include_path='.:/usr/share/php') in /var/www/html/pages/mma/classementmma.php on line 334, referer: https://www.cmwfight.fr/
[Sun May 19 00:23:50.668917 2024] [php:warn] [pid 978939] [client 47.128.59.60:45678] PHP Warning:  include(../../footer.php): Failed to open stream: No such file or directory in /var/www/html/pages/boxe/classementboxe.php on line 287
[Sun May 19 00:23:50.669066 2024] [php:warn] [pid 978939] [client 47.128.59.60:45678] PHP Warning:  include(): Failed opening '../../footer.php' for inclusion (include_path='.:/usr/share/php') in /var/www/html/pages/boxe/classementboxe.php on line 287
[Sun May 19 01:29:11.564557 2024] [core:error] [pid 978938] [client 167.94.138.52:35022] AH10244: invalid URI path (/../Images/cmwicon.png)
[Sun May 19 03:15:45.205170 2024] [core:error] [pid 928323] [client 118.193.57.62:57200] AH10244: invalid URI path (/../Images/cmwicon.png)
[Sun May 19 08:01:11.180258 2024] [php:error] [pid 979049] [client 185.100.87.136:50686] script '/var/www/html/ajax.php' not found or unable to stat
[Sun May 19 09:31:42.470825 2024] [authz_core:error] [pid 956601] [client 52.26.206.78:35134] AH01630: client denied by server configuration: /var/www/html/script/.php, referer: http://51.38.177.164:80/script
[Sun May 19 09:31:42.794785 2024] [php:error] [pid 978938] [client 52.26.206.78:35142] script '/var/www/html/login.php' not found or unable to stat
[Sun May 19 09:31:43.772696 2024] [php:error] [pid 975853] [client 52.26.206.78:35182] script '/var/www/html/wp-login.php' not found or unable to stat
[Sun May 19 09:55:08.138230 2024] [mpm_prefork:notice] [pid 486177] AH00171: Graceful restart requested, doing restart
PHP Warning:  PHP Startup: Unable to load dynamic library 'pdo_mysql' (tried: /usr/lib/php/20220829/pdo_mysql (/usr/lib/php/20220829/pdo_mysql: cannot open shared object file: No such file or directory), /usr/lib/php/20220829/pdo_mysql.so (/usr/lib/php/20220829/pdo_mysql.so: undefined symbol: pdo_parse_params)) in Unknown on line 0
PHP Warning:  Module "FFI" is already loaded in Unknown on line 0
PHP Warning:  Module "ftp" is already loaded in Unknown on line 0
[Sun May 19 09:55:08.974108 2024] [mpm_prefork:notice] [pid 486177] AH00163: Apache/2.4.59 (Debian) OpenSSL/3.0.11 configured -- resuming normal operations
[Sun May 19 09:55:08.974137 2024] [core:notice] [pid 486177] AH00094: Command line: '/usr/sbin/apache2'
[Sun May 19 09:55:12.694274 2024] [mpm_prefork:notice] [pid 486177] AH00171: Graceful restart requested, doing restart
PHP Warning:  PHP Startup: Unable to load dynamic library 'pdo_mysql' (tried: /usr/lib/php/20220829/pdo_mysql (/usr/lib/php/20220829/pdo_mysql: cannot open shared object file: No such file or directory), /usr/lib/php/20220829/pdo_mysql.so (/usr/lib/php/20220829/pdo_mysql.so: undefined symbol: pdo_parse_params)) in Unknown on line 0
PHP Warning:  Module "FFI" is already loaded in Unknown on line 0
PHP Warning:  Module "ftp" is already loaded in Unknown on line 0
[Sun May 19 09:55:12.942146 2024] [mpm_prefork:notice] [pid 486177] AH00163: Apache/2.4.59 (Debian) OpenSSL/3.0.11 configured -- resuming normal operations
[Sun May 19 09:55:12.942178 2024] [core:notice] [pid 486177] AH00094: Command line: '/usr/sbin/apache2'
[Sun May 19 09:55:16.514200 2024] [mpm_prefork:notice] [pid 486177] AH00171: Graceful restart requested, doing restart
PHP Warning:  PHP Startup: Unable to load dynamic library 'pdo_mysql' (tried: /usr/lib/php/20220829/pdo_mysql (/usr/lib/php/20220829/pdo_mysql: cannot open shared object file: No such file or directory), /usr/lib/php/20220829/pdo_mysql.so (/usr/lib/php/20220829/pdo_mysql.so: undefined symbol: pdo_parse_params)) in Unknown on line 0
PHP Warning:  Module "FFI" is already loaded in Unknown on line 0
PHP Warning:  Module "ftp" is already loaded in Unknown on line 0
[Sun May 19 09:55:16.878229 2024] [mpm_prefork:notice] [pid 486177] AH00163: Apache/2.4.59 (Debian) OpenSSL/3.0.11 configured -- resuming normal operations
[Sun May 19 09:55:16.878258 2024] [core:notice] [pid 486177] AH00094: Command line: '/usr/sbin/apache2'
[Sun May 19 09:56:13.340764 2024] [php:error] [pid 986690] [client 139.59.136.184:57600] script '/var/www/html/server.php' not found or unable to stat
[Sun May 19 09:56:15.026828 2024] [php:error] [pid 986704] [client 139.59.136.184:57614] script '/var/www/html/about.php' not found or unable to stat
[Sun May 19 09:56:15.266641 2024] [authz_core:error] [pid 986687] [client 139.59.136.184:57654] AH01630: client denied by server configuration: /var/www/html/server-status
[Sun May 19 09:56:16.032712 2024] [php:error] [pid 986705] [client 139.59.136.184:57680] script '/var/www/html/_all_dbs.php' not found or unable to stat
[Sun May 19 11:05:56.958354 2024] [core:error] [pid 986700] [client 167.94.138.51:45176] AH10244: invalid URI path (/../Images/cmwicon.png)
[Sun May 19 14:27:48.346610 2024] [php:error] [pid 986708] [client 148.153.56.82:60718] script '/var/www/html/p6aU.php' not found or unable to stat
[Sun May 19 14:27:48.663750 2024] [php:error] [pid 986712] [client 148.153.56.82:60730] script '/var/www/html/Z7ak.php' not found or unable to stat
[Sun May 19 14:27:48.982174 2024] [php:error] [pid 986709] [client 148.153.56.82:60742] script '/var/www/html/aab8.php' not found or unable to stat
[Sun May 19 14:27:49.617342 2024] [php:error] [pid 986700] [client 148.153.56.82:60758] script '/var/www/html/aab9.php' not found or unable to stat
[Sun May 19 14:51:24.853689 2024] [php:error] [pid 986708] [client 67.222.157.170:33196] script '/var/www/html/wp-login.php' not found or unable to stat
[Sun May 19 16:19:52.992862 2024] [php:warn] [pid 986687] [client 66.249.72.139:42937] PHP Warning:  include(../../footer.php): Failed to open stream: No such file or directory in /var/www/html/pages/mma/classementmma.php on line 334
[Sun May 19 16:19:52.993016 2024] [php:warn] [pid 986687] [client 66.249.72.139:42937] PHP Warning:  include(): Failed opening '../../footer.php' for inclusion (include_path='.:/usr/share/php') in /var/www/html/pages/mma/classementmma.php on line 334
[Sun May 19 16:42:22.994229 2024] [php:warn] [pid 986707] [client 66.249.72.138:46492] PHP Warning:  include(../../footer.php): Failed to open stream: No such file or directory in /var/www/html/pages/boxe/evenementboxe.php on line 113
[Sun May 19 16:42:22.994369 2024] [php:warn] [pid 986707] [client 66.249.72.138:46492] PHP Warning:  include(): Failed opening '../../footer.php' for inclusion (include_path='.:/usr/share/php') in /var/www/html/pages/boxe/evenementboxe.php on line 113
[Sun May 19 17:27:23.463483 2024] [php:warn] [pid 986700] [client 66.249.77.141:61485] PHP Warning:  include(../../footer.php): Failed to open stream: No such file or directory in /var/www/html/pages/mma/classementmma.php on line 334
[Sun May 19 17:27:23.463718 2024] [php:warn] [pid 986700] [client 66.249.77.141:61485] PHP Warning:  include(): Failed opening '../../footer.php' for inclusion (include_path='.:/usr/share/php') in /var/www/html/pages/mma/classementmma.php on line 334
[Sun May 19 18:37:20.827205 2024] [php:warn] [pid 986712] [client 88.125.79.75:4468] PHP Warning:  include(../../footer.php): Failed to open stream: No such file or directory in /var/www/html/pages/boxe/classementboxe.php on line 287, referer: https://www.cmwfight.fr/auth/connexion
[Sun May 19 18:37:20.827291 2024] [php:warn] [pid 986712] [client 88.125.79.75:4468] PHP Warning:  include(): Failed opening '../../footer.php' for inclusion (include_path='.:/usr/share/php') in /var/www/html/pages/boxe/classementboxe.php on line 287, referer: https://www.cmwfight.fr/auth/connexion
[Sun May 19 18:56:18.203434 2024] [php:error] [pid 986687] [client 171.6.12.55:56880] script '/var/www/html/wp-login.php' not found or unable to stat
[Sun May 19 19:04:21.895945 2024] [php:error] [pid 986709] [client 213.232.87.234:47667] script '/var/www/html/config.php' not found or unable to stat
[Sun May 19 19:04:21.947360 2024] [php:error] [pid 986707] [client 213.232.87.234:16027] script '/var/www/html/wp-config.php' not found or unable to stat
[Sun May 19 19:04:22.015777 2024] [authz_core:error] [pid 986689] [client 213.232.87.234:32877] AH01630: client denied by server configuration: /var/www/html/server-status
[Sun May 19 19:04:22.017241 2024] [php:error] [pid 986700] [client 213.232.87.234:7021] script '/var/www/html/phpinfo.php' not found or unable to stat
[Sun May 19 19:04:22.019394 2024] [php:error] [pid 986703] [client 213.232.87.234:23641] script '/var/www/html/feed.php' not found or unable to stat
