[Tue May 07 08:36:41.998328 2024] [php:error] [pid 702613] [client 83.142.147.16:62057] PHP Fatal error:  Uncaught Error: Call to a member function query() on null in /var/www/html/admin/captcha.php:133\nStack trace:\n#0 {main}\n  thrown in /var/www/html/admin/captcha.php on line 133, referer: http://51.38.177.164/admin/utilisateurs
[Tue May 07 08:54:30.106950 2024] [php:warn] [pid 784750] [client 66.249.72.138:36506] PHP Warning:  include(../../footer.php): Failed to open stream: No such file or directory in /var/www/html/pages/mma/classementmma.php on line 334
[Tue May 07 08:54:30.107211 2024] [php:warn] [pid 784750] [client 66.249.72.138:36506] PHP Warning:  include(): Failed opening '../../footer.php' for inclusion (include_path='.:/usr/share/php') in /var/www/html/pages/mma/classementmma.php on line 334
[Tue May 07 09:10:36.938527 2024] [php:error] [pid 702616] [client 159.223.71.4:35286] script '/var/www/html/ab2g.php' not found or unable to stat
[Tue May 07 09:10:38.262997 2024] [php:error] [pid 784488] [client 159.223.71.4:35292] script '/var/www/html/ab2h.php' not found or unable to stat
[Tue May 07 09:10:39.594472 2024] [php:error] [pid 734186] [client 159.223.71.4:32986] script '/var/www/html/alive.php' not found or unable to stat
[Tue May 07 09:10:49.494137 2024] [php:error] [pid 734187] [client 159.223.71.4:57460] script '/var/www/html/t4.php' not found or unable to stat
[Tue May 07 09:10:54.406799 2024] [php:error] [pid 732545] [client 159.223.71.4:57500] script '/var/www/html/teorema505.php' not found or unable to stat
[Tue May 07 10:01:37.871835 2024] [php:warn] [pid 784488] [client 66.249.77.140:56014] PHP Warning:  include(../../footer.php): Failed to open stream: No such file or directory in /var/www/html/pages/boxe/classementboxe.php on line 287
[Tue May 07 10:01:37.872078 2024] [php:warn] [pid 784488] [client 66.249.77.140:56014] PHP Warning:  include(): Failed opening '../../footer.php' for inclusion (include_path='.:/usr/share/php') in /var/www/html/pages/boxe/classementboxe.php on line 287
[Tue May 07 10:52:02.206270 2024] [php:warn] [pid 683147] [client 79.95.86.36:50577] PHP Warning:  Undefined variable $pdo in /var/www/html/admin/captcha.php on line 200, referer: https://www.cmwfight.fr/admin/admin
[Tue May 07 10:52:02.207227 2024] [php:error] [pid 683147] [client 79.95.86.36:50577] PHP Fatal error:  Uncaught Error: Call to a member function query() on null in /var/www/html/admin/captcha.php:200\nStack trace:\n#0 {main}\n  thrown in /var/www/html/admin/captcha.php on line 200, referer: https://www.cmwfight.fr/admin/admin
[Tue May 07 12:52:08.130932 2024] [php:error] [pid 784488] [client 185.100.87.136:47560] script '/var/www/html/FD873AC4-CF86-4FED-84EC-4BD59C6F17A7.php' not found or unable to stat
[Tue May 07 12:57:01.302839 2024] [core:error] [pid 702616] [client 167.248.133.54:54712] AH10244: invalid URI path (/../Images/cmwicon.png)
[Tue May 07 13:51:00.614319 2024] [php:error] [pid 683147] [client 172.104.131.24:55092] script '/var/www/html/Temporary_Listen_Addresses.php' not found or unable to stat
[Tue May 07 16:28:18.027366 2024] [php:error] [pid 732545] [client 83.142.147.16:52781] script '/var/www/html/admin/logout.php' not found or unable to stat, referer: http://51.38.177.164/admin/captcha
[Tue May 07 16:28:30.536860 2024] [php:error] [pid 734187] [client 83.142.147.16:52785] script '/var/www/html/admin/logout.php' not found or unable to stat, referer: http://51.38.177.164/admin/captcha
[Tue May 07 16:46:24.948375 2024] [php:error] [pid 732545] [client 8.222.147.167:50724] script '/var/www/html/dns-query.php' not found or unable to stat
[Tue May 07 16:46:25.127932 2024] [php:error] [pid 734187] [client 8.222.147.167:50730] script '/var/www/html/dns-query.php' not found or unable to stat
[Tue May 07 19:16:25.031524 2024] [php:error] [pid 734187] [client 148.153.56.86:38968] script '/var/www/html/mGYO.php' not found or unable to stat
[Tue May 07 19:16:25.531682 2024] [php:error] [pid 784750] [client 148.153.56.86:38984] script '/var/www/html/1yrA.php' not found or unable to stat
[Tue May 07 19:16:26.034923 2024] [php:error] [pid 702613] [client 148.153.56.86:38988] script '/var/www/html/aab8.php' not found or unable to stat
[Tue May 07 19:16:27.007595 2024] [php:error] [pid 574294] [client 148.153.56.86:39006] script '/var/www/html/aab9.php' not found or unable to stat
[Tue May 07 19:18:48.009887 2024] [php:error] [pid 784481] [client 172.70.143.119:17896] script '/var/www/html/wp-login.php' not found or unable to stat, referer: http://webmail.derycube.com/wp-login.php
[Tue May 07 21:15:28.243664 2024] [php:error] [pid 683147] [client 172.70.160.183:10386] script '/var/www/html/wp-login.php' not found or unable to stat, referer: http://webdisk.derycube.com/wp-login.php
[Tue May 07 23:21:32.315405 2024] [php:error] [pid 734187] [client 198.199.118.103:60384] script '/var/www/html/ReportServer.php' not found or unable to stat
[Wed May 08 06:21:00.023774 2024] [core:error] [pid 792586] [client 162.142.125.8:47446] AH10244: invalid URI path (/../Images/cmwicon.png)
[Wed May 08 06:28:04.136349 2024] [core:error] [pid 792586] [client 199.45.154.54:38396] AH10244: invalid URI path (/../Images/cmwicon.png)
[Wed May 08 07:36:34.380499 2024] [php:error] [pid 574294] [client 178.128.84.187:44266] script '/var/www/html/aaa9.php' not found or unable to stat
[Wed May 08 07:36:37.844318 2024] [php:error] [pid 784481] [client 178.128.84.187:44274] script '/var/www/html/aab8.php' not found or unable to stat
[Wed May 08 07:48:08.501341 2024] [php:error] [pid 784750] [client 185.100.87.136:44610] script '/var/www/html/FD873AC4-CF86-4FED-84EC-4BD59C6F17A7.php' not found or unable to stat
[Wed May 08 09:45:28.929000 2024] [core:error] [pid 784750] [client 162.142.125.210:37630] AH10244: invalid URI path (/../Images/cmwicon.png)
[Wed May 08 11:38:33.399550 2024] [php:warn] [pid 732545] [client 88.167.228.154:56467] PHP Warning:  include(../../footer.php): Failed to open stream: No such file or directory in /var/www/html/pages/boxe/classementboxe.php on line 287, referer: https://www.cmwfight.fr/
[Wed May 08 11:38:33.399819 2024] [php:warn] [pid 732545] [client 88.167.228.154:56467] PHP Warning:  include(): Failed opening '../../footer.php' for inclusion (include_path='.:/usr/share/php') in /var/www/html/pages/boxe/classementboxe.php on line 287, referer: https://www.cmwfight.fr/
[Wed May 08 11:39:32.139367 2024] [php:error] [pid 784481] [client 149.129.147.213:46090] script '/var/www/html/dns-query.php' not found or unable to stat
[Wed May 08 11:39:33.417924 2024] [php:error] [pid 784481] [client 149.129.147.213:46090] script '/var/www/html/dns-query.php' not found or unable to stat
[Wed May 08 11:39:33.745553 2024] [php:error] [pid 784481] [client 149.129.147.213:46090] script '/var/www/html/dns-query.php' not found or unable to stat
[Wed May 08 11:39:35.005614 2024] [php:error] [pid 784481] [client 149.129.147.213:46090] script '/var/www/html/dns-query.php' not found or unable to stat
[Wed May 08 11:39:35.388263 2024] [php:error] [pid 784481] [client 149.129.147.213:46090] script '/var/www/html/dns-query.php' not found or unable to stat
[Wed May 08 11:39:35.690871 2024] [php:error] [pid 784481] [client 149.129.147.213:46090] script '/var/www/html/dns-query.php' not found or unable to stat
[Wed May 08 11:39:35.934072 2024] [php:error] [pid 784481] [client 149.129.147.213:46090] script '/var/www/html/query.php' not found or unable to stat
[Wed May 08 11:39:36.159272 2024] [php:error] [pid 784481] [client 149.129.147.213:46090] script '/var/www/html/query.php' not found or unable to stat
[Wed May 08 11:39:37.185112 2024] [php:error] [pid 784481] [client 149.129.147.213:46090] script '/var/www/html/query.php' not found or unable to stat
[Wed May 08 11:39:37.515345 2024] [php:error] [pid 784481] [client 149.129.147.213:46090] script '/var/www/html/query.php' not found or unable to stat
[Wed May 08 11:39:40.743780 2024] [php:error] [pid 784481] [client 149.129.147.213:46090] script '/var/www/html/query.php' not found or unable to stat
[Wed May 08 11:39:41.113450 2024] [php:error] [pid 784481] [client 149.129.147.213:46090] script '/var/www/html/query.php' not found or unable to stat
[Wed May 08 11:39:41.958386 2024] [php:error] [pid 784481] [client 149.129.147.213:46090] script '/var/www/html/resolve.php' not found or unable to stat
[Wed May 08 11:39:42.528224 2024] [php:error] [pid 784481] [client 149.129.147.213:46090] script '/var/www/html/resolve.php' not found or unable to stat
[Wed May 08 11:39:42.919185 2024] [php:error] [pid 784481] [client 149.129.147.213:46090] script '/var/www/html/resolve.php' not found or unable to stat
[Wed May 08 11:39:44.435286 2024] [php:error] [pid 784481] [client 149.129.147.213:46090] script '/var/www/html/resolve.php' not found or unable to stat
[Wed May 08 11:39:45.156733 2024] [php:error] [pid 784481] [client 149.129.147.213:46090] script '/var/www/html/resolve.php' not found or unable to stat
[Wed May 08 11:39:46.184529 2024] [php:error] [pid 784481] [client 149.129.147.213:46090] script '/var/www/html/resolve.php' not found or unable to stat
[Wed May 08 13:31:53.463921 2024] [php:warn] [pid 784488] [client 207.46.13.126:28625] PHP Warning:  include(../../footer.php): Failed to open stream: No such file or directory in /var/www/html/pages/boxe/evenementboxe.php on line 113
[Wed May 08 13:31:53.464689 2024] [php:warn] [pid 784488] [client 207.46.13.126:28625] PHP Warning:  include(): Failed opening '../../footer.php' for inclusion (include_path='.:/usr/share/php') in /var/www/html/pages/boxe/evenementboxe.php on line 113
[Wed May 08 16:02:59.561065 2024] [php:error] [pid 574294] [client 142.44.243.167:53002] script '/var/www/html/wp-login.php' not found or unable to stat
[Wed May 08 16:55:49.864597 2024] [core:error] [pid 822221] [client 162.142.125.212:47452] AH10244: invalid URI path (/../Images/cmwicon.png)
[Thu May 09 04:56:45.009826 2024] [php:warn] [pid 822194] [client 66.249.77.139:47590] PHP Warning:  include(../../footer.php): Failed to open stream: No such file or directory in /var/www/html/pages/mma/evenementmma.php on line 168
[Thu May 09 04:56:45.010200 2024] [php:warn] [pid 822194] [client 66.249.77.139:47590] PHP Warning:  include(): Failed opening '../../footer.php' for inclusion (include_path='.:/usr/share/php') in /var/www/html/pages/mma/evenementmma.php on line 168
[Thu May 09 06:03:36.929066 2024] [core:error] [pid 574294] [client 162.142.125.220:46064] AH10244: invalid URI path (/../Images/cmwicon.png)
[Thu May 09 06:31:53.045465 2024] [core:error] [pid 734186] [client 167.94.138.44:48010] AH10244: invalid URI path (/../Images/cmwicon.png)
[Thu May 09 06:36:22.112753 2024] [php:warn] [pid 784488] [client 66.249.72.140:45237] PHP Warning:  include(../../footer.php): Failed to open stream: No such file or directory in /var/www/html/pages/boxe/evenementboxe.php on line 113
[Thu May 09 06:36:22.112985 2024] [php:warn] [pid 784488] [client 66.249.72.140:45237] PHP Warning:  include(): Failed opening '../../footer.php' for inclusion (include_path='.:/usr/share/php') in /var/www/html/pages/boxe/evenementboxe.php on line 113
[Thu May 09 09:19:40.812349 2024] [core:error] [pid 822221] [client 96.126.102.64:39804] AH10244: invalid URI path (/../Images/cmwicon.png)
[Thu May 09 11:20:01.882163 2024] [core:error] [pid 574294] [client 161.35.170.73:49750] AH10244: invalid URI path (/../Images/cmwicon.png)
[Thu May 09 11:20:03.650611 2024] [core:error] [pid 822555] [client 157.245.57.180:41786] AH10244: invalid URI path (/../Images/cmwicon.png)
[Thu May 09 11:40:14.793374 2024] [php:error] [pid 784481] [client 198.199.94.44:46654] script '/var/www/html/version.php' not found or unable to stat
[Thu May 09 12:19:31.565000 2024] [core:error] [pid 822556] [client 167.94.138.51:43872] AH10244: invalid URI path (/../Images/cmwicon.png)
[Thu May 09 12:19:38.598423 2024] [php:error] [pid 784750] [client 148.153.45.234:37256] script '/var/www/html/EmfD.php' not found or unable to stat
[Thu May 09 12:19:38.930946 2024] [php:error] [pid 792586] [client 148.153.45.234:37262] script '/var/www/html/6rcR.php' not found or unable to stat
[Thu May 09 12:19:39.260583 2024] [php:error] [pid 822221] [client 148.153.45.234:38678] script '/var/www/html/aab8.php' not found or unable to stat
[Thu May 09 12:19:40.927924 2024] [php:error] [pid 822194] [client 148.153.45.234:38702] script '/var/www/html/aab9.php' not found or unable to stat
[Thu May 09 12:30:30.100654 2024] [core:error] [pid 784750] [client 2620:96:e000:b0cc:e:2:2:9:60328] AH10244: invalid URI path (/../Images/cmwicon.png)
[Thu May 09 12:51:45.201650 2024] [php:warn] [pid 822556] [client 66.249.77.139:60605] PHP Warning:  include(../../footer.php): Failed to open stream: No such file or directory in /var/www/html/pages/mma/classementmma.php on line 334
[Thu May 09 12:51:45.201768 2024] [php:warn] [pid 822556] [client 66.249.77.139:60605] PHP Warning:  include(): Failed opening '../../footer.php' for inclusion (include_path='.:/usr/share/php') in /var/www/html/pages/mma/classementmma.php on line 334
[Thu May 09 12:56:01.328370 2024] [php:error] [pid 734186] [client 47.245.61.81:55406] script '/var/www/html/dns-query.php' not found or unable to stat
[Thu May 09 12:56:42.932263 2024] [php:error] [pid 784750] [client 47.245.61.81:48980] script '/var/www/html/dns-query.php' not found or unable to stat
[Thu May 09 13:08:33.322262 2024] [php:error] [pid 822221] [client 162.243.133.23:49736] script '/var/www/html/hudson.php' not found or unable to stat
[Thu May 09 13:16:32.500504 2024] [php:error] [pid 784488] [client 8.211.42.174:42306] script '/var/www/html/dns-query.php' not found or unable to stat
[Thu May 09 13:16:41.321172 2024] [php:error] [pid 822556] [client 8.211.42.174:49346] script '/var/www/html/dns-query.php' not found or unable to stat
[Thu May 09 13:27:46.175495 2024] [core:error] [pid 822556] [client 165.154.118.145:51788] AH10244: invalid URI path (/../Images/cmwicon.png)
[Thu May 09 13:31:06.589776 2024] [core:error] [pid 734186] [client 2602:80d:1000:b0cc:e:2:5:b:39054] AH10244: invalid URI path (/../Images/cmwicon.png)
[Thu May 09 13:57:55.040439 2024] [core:error] [pid 822221] [client 167.94.145.101:45798] AH10244: invalid URI path (/../Images/cmwicon.png)
[Thu May 09 14:12:36.852588 2024] [php:error] [pid 792586] [client 84.54.51.13:46816] script '/var/www/html/login.php' not found or unable to stat
[Thu May 09 14:26:03.330633 2024] [php:error] [pid 574294] [client 172.105.77.209:56797] script '/var/www/html/0bef.php' not found or unable to stat
[Thu May 09 18:17:44.005973 2024] [php:error] [pid 822555] [client 172.69.195.90:16310] script '/var/www/html/wp-login.php' not found or unable to stat, referer: http://webmail.derycube.com/wp-login.php
[Thu May 09 20:19:22.217668 2024] [core:error] [pid 784750] [client 118.193.45.235:56970] AH10244: invalid URI path (/../Images/cmwicon.png)
[Thu May 09 23:12:00.534092 2024] [authz_core:error] [pid 734186] [client 45.156.129.2:55720] AH01630: client denied by server configuration: /var/www/html/admin/.php
[Thu May 09 23:12:01.486421 2024] [php:error] [pid 822221] [client 45.156.129.2:54156] script '/var/www/html/identity.php' not found or unable to stat
[Thu May 09 23:12:53.886615 2024] [core:error] [pid 734186] [client 45.156.129.2:47404] AH10244: invalid URI path (/icons/.%%32%65/.%%32%65/apache2/icons/non-existant-image.png)
[Thu May 09 23:12:54.299741 2024] [core:error] [pid 784481] [client 45.156.129.2:47410] AH10244: invalid URI path (/icons/.%2e/%2e%2e/apache2/icons/sphere1.png)
[Thu May 09 23:12:54.712174 2024] [core:error] [pid 822221] [client 45.156.129.2:47412] AH10244: invalid URI path (/icons/.%%32%65/.%%32%65/apache2/icons/sphere1.png)
[Fri May 10 00:08:47.919254 2024] [php:error] [pid 734186] [client 172.71.242.57:23114] script '/var/www/html/wp-login.php' not found or unable to stat, referer: http://webdisk.derycube.com/wp-login.php
[Fri May 10 01:03:19.440653 2024] [core:error] [pid 734186] [client 167.248.133.35:41440] AH10244: invalid URI path (/../Images/cmwicon.png)
[Fri May 10 01:54:02.826325 2024] [php:error] [pid 784481] [client 45.127.101.193:43708] script '/var/www/html/wp-login.php' not found or unable to stat, referer: http://www.cmwfight.fr/wp-login.php
[Fri May 10 02:16:04.528649 2024] [php:error] [pid 822221] [client 47.91.125.252:48794] script '/var/www/html/dns-query.php' not found or unable to stat
[Fri May 10 02:16:06.091884 2024] [php:error] [pid 822221] [client 47.91.125.252:48794] script '/var/www/html/dns-query.php' not found or unable to stat
[Fri May 10 02:16:06.416654 2024] [php:error] [pid 822221] [client 47.91.125.252:48794] script '/var/www/html/dns-query.php' not found or unable to stat
[Fri May 10 02:16:06.676277 2024] [php:error] [pid 822221] [client 47.91.125.252:48794] script '/var/www/html/dns-query.php' not found or unable to stat
[Fri May 10 02:16:07.746368 2024] [php:error] [pid 822221] [client 47.91.125.252:48794] script '/var/www/html/dns-query.php' not found or unable to stat
[Fri May 10 02:16:08.080328 2024] [php:error] [pid 822221] [client 47.91.125.252:48794] script '/var/www/html/dns-query.php' not found or unable to stat
[Fri May 10 02:16:09.630664 2024] [php:error] [pid 822221] [client 47.91.125.252:48794] script '/var/www/html/query.php' not found or unable to stat
[Fri May 10 02:16:09.994855 2024] [php:error] [pid 822221] [client 47.91.125.252:48794] script '/var/www/html/query.php' not found or unable to stat
[Fri May 10 02:16:11.455235 2024] [php:error] [pid 822221] [client 47.91.125.252:48794] script '/var/www/html/query.php' not found or unable to stat
[Fri May 10 02:16:11.854190 2024] [php:error] [pid 822221] [client 47.91.125.252:48794] script '/var/www/html/query.php' not found or unable to stat
[Fri May 10 02:16:12.170695 2024] [php:error] [pid 822221] [client 47.91.125.252:48794] script '/var/www/html/query.php' not found or unable to stat
[Fri May 10 02:16:12.419539 2024] [php:error] [pid 822221] [client 47.91.125.252:48794] script '/var/www/html/query.php' not found or unable to stat
[Fri May 10 02:16:12.655703 2024] [php:error] [pid 822221] [client 47.91.125.252:48794] script '/var/www/html/resolve.php' not found or unable to stat
[Fri May 10 02:16:13.223586 2024] [php:error] [pid 822221] [client 47.91.125.252:48794] script '/var/www/html/resolve.php' not found or unable to stat
[Fri May 10 02:16:13.931280 2024] [php:error] [pid 822221] [client 47.91.125.252:48794] script '/var/www/html/resolve.php' not found or unable to stat
[Fri May 10 02:16:14.174285 2024] [php:error] [pid 822221] [client 47.91.125.252:48794] script '/var/www/html/resolve.php' not found or unable to stat
[Fri May 10 02:16:14.376522 2024] [php:error] [pid 822221] [client 47.91.125.252:48794] script '/var/www/html/resolve.php' not found or unable to stat
[Fri May 10 02:16:16.167626 2024] [php:error] [pid 822221] [client 47.91.125.252:48794] script '/var/www/html/resolve.php' not found or unable to stat
[Fri May 10 02:35:55.690836 2024] [authz_core:error] [pid 784750] [client 35.216.200.187:35190] AH01630: client denied by server configuration: /var/www/html/server-status
[Fri May 10 02:35:56.544901 2024] [php:error] [pid 792586] [client 35.216.200.187:35220] script '/var/www/html/info.php' not found or unable to stat
[Fri May 10 03:47:32.020126 2024] [core:error] [pid 784481] [client 167.94.146.63:52526] AH10244: invalid URI path (/../Images/cmwicon.png)
[Fri May 10 05:16:00.321711 2024] [php:error] [pid 574294] [client 104.236.128.22:47258] script '/var/www/html/ReportServer.php' not found or unable to stat
[Fri May 10 05:27:15.116736 2024] [php:warn] [pid 842821] [client 66.249.72.140:49958] PHP Warning:  include(../../footer.php): Failed to open stream: No such file or directory in /var/www/html/pages/boxe/classementboxe.php on line 287
[Fri May 10 05:27:15.116900 2024] [php:warn] [pid 842821] [client 66.249.72.140:49958] PHP Warning:  include(): Failed opening '../../footer.php' for inclusion (include_path='.:/usr/share/php') in /var/www/html/pages/boxe/classementboxe.php on line 287
[Fri May 10 06:12:15.175339 2024] [php:warn] [pid 842821] [client 66.249.77.140:36084] PHP Warning:  include(../../footer.php): Failed to open stream: No such file or directory in /var/www/html/pages/boxe/classementboxe.php on line 287
[Fri May 10 06:12:15.175441 2024] [php:warn] [pid 842821] [client 66.249.77.140:36084] PHP Warning:  include(): Failed opening '../../footer.php' for inclusion (include_path='.:/usr/share/php') in /var/www/html/pages/boxe/classementboxe.php on line 287
[Fri May 10 06:29:58.474827 2024] [php:error] [pid 784488] [client 31.7.62.226:38486] script '/var/www/html/info.php' not found or unable to stat
[Fri May 10 07:42:15.196896 2024] [php:warn] [pid 822194] [client 66.249.72.139:37729] PHP Warning:  include(../../footer.php): Failed to open stream: No such file or directory in /var/www/html/pages/mma/classementmma.php on line 334
[Fri May 10 07:42:15.197098 2024] [php:warn] [pid 822194] [client 66.249.72.139:37729] PHP Warning:  include(): Failed opening '../../footer.php' for inclusion (include_path='.:/usr/share/php') in /var/www/html/pages/mma/classementmma.php on line 334
[Fri May 10 07:43:42.029921 2024] [php:error] [pid 842821] [client 148.153.56.86:37836] script '/var/www/html/8wdI.php' not found or unable to stat
[Fri May 10 07:43:42.364398 2024] [php:error] [pid 822221] [client 148.153.56.86:37838] script '/var/www/html/La9w.php' not found or unable to stat
[Fri May 10 07:43:42.698963 2024] [php:error] [pid 574294] [client 148.153.56.86:37848] script '/var/www/html/aab8.php' not found or unable to stat
[Fri May 10 07:43:43.555176 2024] [php:error] [pid 734186] [client 148.153.56.86:37868] script '/var/www/html/aab9.php' not found or unable to stat
[Fri May 10 08:56:15.044045 2024] [core:error] [pid 842821] [client 167.94.146.53:47140] AH10244: invalid URI path (/../Images/cmwicon.png)
[Fri May 10 09:57:56.330885 2024] [php:error] [pid 574294] [client 148.153.56.86:40502] script '/var/www/html/y7iC.php' not found or unable to stat
[Fri May 10 09:57:56.819210 2024] [php:error] [pid 784488] [client 148.153.56.86:40508] script '/var/www/html/Tw1a.php' not found or unable to stat
[Fri May 10 09:57:57.308071 2024] [php:error] [pid 822555] [client 148.153.56.86:40518] script '/var/www/html/aab8.php' not found or unable to stat
[Fri May 10 09:57:58.852765 2024] [php:error] [pid 822221] [client 148.153.56.86:40540] script '/var/www/html/aab9.php' not found or unable to stat
[Fri May 10 10:09:35.671934 2024] [php:error] [pid 784488] [client 20.127.146.25:52352] script '/var/www/html/frontend_dev.php' not found or unable to stat
[Fri May 10 10:09:37.057725 2024] [php:error] [pid 784750] [client 20.127.146.25:52148] script '/var/www/html/info.php' not found or unable to stat
[Fri May 10 10:09:39.300800 2024] [php:error] [pid 822194] [client 20.127.146.25:49444] script '/var/www/html/phpinfo.php' not found or unable to stat
[Fri May 10 10:19:34.393233 2024] [php:error] [pid 842821] [client 89.190.156.175:48642] script '/var/www/html/login.php' not found or unable to stat
[Fri May 10 11:59:54.082785 2024] [php:error] [pid 784488] [client 66.249.77.141:53332] script '/var/www/html/pages/mma/fadalwass.php' not found or unable to stat
[Fri May 10 12:29:41.986691 2024] [php:error] [pid 842821] [client 89.190.156.175:53066] script '/var/www/html/login.php' not found or unable to stat
[Fri May 10 12:45:07.175610 2024] [core:error] [pid 734186] [client 167.94.138.59:37486] AH10244: invalid URI path (/../Images/cmwicon.png)
[Fri May 10 13:09:46.161124 2024] [php:error] [pid 784488] [client 35.240.121.17:50824] script '/var/www/html/sdk.php' not found or unable to stat
[Fri May 10 13:09:46.164731 2024] [php:error] [pid 792586] [client 35.240.121.17:50840] script '/var/www/html/nmaplowercheck1715346586.php' not found or unable to stat
[Fri May 10 13:09:46.166228 2024] [php:error] [pid 842821] [client 35.240.121.17:56972] script '/var/www/html/sdk.php' not found or unable to stat
[Fri May 10 13:09:46.167409 2024] [php:error] [pid 574294] [client 35.240.121.17:56966] script '/var/www/html/nmaplowercheck1715346586.php' not found or unable to stat
[Fri May 10 13:09:46.209130 2024] [php:error] [pid 822221] [client 35.240.121.17:56980] script '/var/www/html/HNAP1.php' not found or unable to stat
[Fri May 10 13:09:46.224480 2024] [php:error] [pid 822556] [client 35.240.121.17:50866] script '/var/www/html/HNAP1.php' not found or unable to stat
[Fri May 10 14:53:00.810994 2024] [php:error] [pid 574294] [client 66.249.77.140:39992] script '/var/www/html/pages/mma/belaids2r.php' not found or unable to stat
[Fri May 10 15:33:07.395309 2024] [php:warn] [pid 734186] [client 157.55.39.49:59878] PHP Warning:  include(../../footer.php): Failed to open stream: No such file or directory in /var/www/html/pages/boxe/evenementboxe.php on line 113
[Fri May 10 15:33:07.396126 2024] [php:warn] [pid 734186] [client 157.55.39.49:59878] PHP Warning:  include(): Failed opening '../../footer.php' for inclusion (include_path='.:/usr/share/php') in /var/www/html/pages/boxe/evenementboxe.php on line 113
[Fri May 10 16:02:38.724014 2024] [php:warn] [pid 784750] [client 47.128.51.148:14714] PHP Warning:  include(../../footer.php): Failed to open stream: No such file or directory in /var/www/html/pages/mma/classementmma.php on line 334
[Fri May 10 16:02:38.724173 2024] [php:warn] [pid 784750] [client 47.128.51.148:14714] PHP Warning:  include(): Failed opening '../../footer.php' for inclusion (include_path='.:/usr/share/php') in /var/www/html/pages/mma/classementmma.php on line 334
[Fri May 10 16:03:02.637554 2024] [php:warn] [pid 822221] [client 47.128.28.197:29044] PHP Warning:  include(../../footer.php): Failed to open stream: No such file or directory in /var/www/html/pages/mma/classementmma.php on line 334
[Fri May 10 16:03:02.637672 2024] [php:warn] [pid 822221] [client 47.128.28.197:29044] PHP Warning:  include(): Failed opening '../../footer.php' for inclusion (include_path='.:/usr/share/php') in /var/www/html/pages/mma/classementmma.php on line 334
[Fri May 10 16:45:03.250500 2024] [php:warn] [pid 822221] [client 66.249.77.140:60612] PHP Warning:  include(../../footer.php): Failed to open stream: No such file or directory in /var/www/html/pages/boxe/evenementboxe.php on line 113
[Fri May 10 16:45:03.250620 2024] [php:warn] [pid 822221] [client 66.249.77.140:60612] PHP Warning:  include(): Failed opening '../../footer.php' for inclusion (include_path='.:/usr/share/php') in /var/www/html/pages/boxe/evenementboxe.php on line 113
[Fri May 10 20:34:21.542598 2024] [php:error] [pid 822555] [client 66.249.77.140:58061] script '/var/www/html/pages/boxe/fidirs0.php' not found or unable to stat
[Fri May 10 22:26:51.966538 2024] [php:error] [pid 784488] [client 31.7.62.226:40216] script '/var/www/html/infophp.php' not found or unable to stat
[Fri May 10 22:30:49.712737 2024] [core:error] [pid 734186] [client 125.82.242.154:32270] AH10244: invalid URI path (/../Images/cmwicon.png)
[Fri May 10 23:52:00.996947 2024] [authz_core:error] [pid 574294] [client 172.105.246.139:48422] AH01630: client denied by server configuration: /var/www/html/server-status
[Fri May 10 23:52:01.151580 2024] [php:error] [pid 822555] [client 172.105.246.139:48436] script '/var/www/html/sdk.php' not found or unable to stat
[Fri May 10 23:52:01.169149 2024] [php:error] [pid 822556] [client 172.105.246.139:48706] script '/var/www/html/__Additional.php' not found or unable to stat
[Fri May 10 23:52:01.198907 2024] [php:error] [pid 574294] [client 172.105.246.139:48710] script '/var/www/html/nmaplowercheck1715385120.php' not found or unable to stat
[Fri May 10 23:52:01.307733 2024] [php:error] [pid 734186] [client 172.105.246.139:48796] script '/var/www/html/fMhA.php' not found or unable to stat
[Fri May 10 23:52:01.468883 2024] [php:error] [pid 574294] [client 172.105.246.139:49072] script '/var/www/html/HNAP1.php' not found or unable to stat
[Fri May 10 23:52:01.540640 2024] [php:error] [pid 784488] [client 172.105.246.139:49206] script '/var/www/html/pools.php' not found or unable to stat
[Fri May 10 23:52:03.206516 2024] [php:error] [pid 822556] [client 172.105.246.139:51772] script '/var/www/html/default.php' not found or unable to stat
[Fri May 10 23:52:04.528319 2024] [php:error] [pid 822194] [client 172.105.246.139:53472] script '/var/www/html/main.php' not found or unable to stat
[Fri May 10 23:52:04.680093 2024] [php:error] [pid 784488] [client 172.105.246.139:53678] script '/var/www/html/inicio.php' not found or unable to stat
[Fri May 10 23:52:05.168793 2024] [php:error] [pid 822555] [client 172.105.246.139:54238] script '/var/www/html/home.php' not found or unable to stat
[Fri May 10 23:52:06.465891 2024] [php:error] [pid 822556] [client 172.105.246.139:56678] script '/var/www/html/admin.php' not found or unable to stat
[Fri May 10 23:52:06.796475 2024] [php:error] [pid 822555] [client 172.105.246.139:57282] script '/var/www/html/base.php' not found or unable to stat
[Fri May 10 23:52:07.558610 2024] [php:error] [pid 822221] [client 172.105.246.139:58718] script '/var/www/html/localstart.php' not found or unable to stat
[Fri May 10 23:52:09.624440 2024] [php:error] [pid 822556] [client 172.105.246.139:56149] script '/var/www/html/start.php' not found or unable to stat
[Sat May 11 00:24:15.342714 2024] [php:error] [pid 792586] [client 31.7.62.226:46280] script '/var/www/html/config.inc.php' not found or unable to stat
[Sat May 11 00:36:20.522058 2024] [core:error] [pid 784750] [client 167.248.133.46:42524] AH10244: invalid URI path (/../Images/cmwicon.png)
[Sat May 11 01:03:36.283968 2024] [php:error] [pid 792586] [client 31.7.62.226:33690] script '/var/www/html/phpinfo.php' not found or unable to stat
[Sat May 11 01:42:37.504806 2024] [php:error] [pid 574294] [client 31.7.62.226:47076] script '/var/www/html/infos.php' not found or unable to stat
[Sat May 11 04:47:33.011161 2024] [core:error] [pid 574294] [client 167.94.145.110:35152] AH10244: invalid URI path (/../Images/cmwicon.png)
[Sat May 11 05:20:41.253743 2024] [core:error] [pid 574294] [client 167.94.138.37:56390] AH10244: invalid URI path (/../Images/cmwicon.png)
[Sat May 11 05:59:36.273783 2024] [php:warn] [pid 792586] [client 66.249.72.140:58132] PHP Warning:  include(../../footer.php): Failed to open stream: No such file or directory in /var/www/html/pages/boxe/evenementboxe.php on line 113
[Sat May 11 05:59:36.273991 2024] [php:warn] [pid 792586] [client 66.249.72.140:58132] PHP Warning:  include(): Failed opening '../../footer.php' for inclusion (include_path='.:/usr/share/php') in /var/www/html/pages/boxe/evenementboxe.php on line 113
[Sat May 11 06:22:06.189999 2024] [php:warn] [pid 822221] [client 66.249.72.138:55447] PHP Warning:  include(../../footer.php): Failed to open stream: No such file or directory in /var/www/html/pages/mma/classementmma.php on line 334
[Sat May 11 06:22:06.190230 2024] [php:warn] [pid 822221] [client 66.249.72.138:55447] PHP Warning:  include(): Failed opening '../../footer.php' for inclusion (include_path='.:/usr/share/php') in /var/www/html/pages/mma/classementmma.php on line 334
[Sat May 11 07:24:10.163886 2024] [php:error] [pid 842821] [client 37.144.198.195:56021] script '/var/www/html/status.php' not found or unable to stat
[Sat May 11 07:24:12.321041 2024] [php:error] [pid 842821] [client 37.144.198.195:56021] script '/var/www/html/stat.php' not found or unable to stat
[Sat May 11 08:30:34.810605 2024] [php:error] [pid 574294] [client 152.42.200.202:57862] script '/var/www/html/ab2g.php' not found or unable to stat
[Sat May 11 08:30:36.114722 2024] [php:error] [pid 822194] [client 152.42.200.202:57874] script '/var/www/html/ab2h.php' not found or unable to stat
[Sat May 11 08:30:37.408142 2024] [php:error] [pid 822556] [client 152.42.200.202:57878] script '/var/www/html/alive.php' not found or unable to stat
[Sat May 11 08:30:47.070903 2024] [php:error] [pid 792586] [client 152.42.200.202:33358] script '/var/www/html/t4.php' not found or unable to stat
[Sat May 11 08:30:51.902846 2024] [php:error] [pid 784750] [client 152.42.200.202:33378] script '/var/www/html/teorema505.php' not found or unable to stat
[Sat May 11 10:08:34.954172 2024] [php:error] [pid 822556] [client 89.190.156.175:52924] script '/var/www/html/login.php' not found or unable to stat
[Sat May 11 10:26:25.781579 2024] [core:error] [pid 784750] [client 162.142.125.14:57154] AH10244: invalid URI path (/../Images/cmwicon.png)
[Sat May 11 19:15:37.905464 2024] [php:warn] [pid 784488] [client 207.46.13.111:6345] PHP Warning:  include(../../footer.php): Failed to open stream: No such file or directory in /var/www/html/pages/boxe/evenementboxe.php on line 113
[Sat May 11 19:15:37.905695 2024] [php:warn] [pid 784488] [client 207.46.13.111:6345] PHP Warning:  include(): Failed opening '../../footer.php' for inclusion (include_path='.:/usr/share/php') in /var/www/html/pages/boxe/evenementboxe.php on line 113
[Sat May 11 21:32:28.569959 2024] [php:error] [pid 842821] [client 172.105.77.209:36733] script '/var/www/html/0bef.php' not found or unable to stat
[Sat May 11 23:49:26.751261 2024] [php:error] [pid 784750] [client 3.236.159.246:47640] script '/var/www/html/about.php' not found or unable to stat
[Sat May 11 23:49:26.757802 2024] [php:warn] [pid 842821] [client 3.236.159.246:47780] PHP Warning:  include(../../footer.php): Failed to open stream: No such file or directory in /var/www/html/pages/boxe/evenementboxe.php on line 113
[Sat May 11 23:49:26.757929 2024] [php:warn] [pid 842821] [client 3.236.159.246:47780] PHP Warning:  include(): Failed opening '../../footer.php' for inclusion (include_path='.:/usr/share/php') in /var/www/html/pages/boxe/evenementboxe.php on line 113
[Sat May 11 23:49:26.857553 2024] [php:warn] [pid 792586] [client 3.236.159.246:47704] PHP Warning:  include(../../footer.php): Failed to open stream: No such file or directory in /var/www/html/pages/mma/classementmma.php on line 334
[Sat May 11 23:49:26.857691 2024] [php:warn] [pid 792586] [client 3.236.159.246:47704] PHP Warning:  include(): Failed opening '../../footer.php' for inclusion (include_path='.:/usr/share/php') in /var/www/html/pages/mma/classementmma.php on line 334
[Sat May 11 23:49:26.874846 2024] [php:warn] [pid 822556] [client 3.236.159.246:47762] PHP Warning:  include(../../footer.php): Failed to open stream: No such file or directory in /var/www/html/pages/mma/evenementmma.php on line 168
[Sat May 11 23:49:26.874985 2024] [php:warn] [pid 822556] [client 3.236.159.246:47762] PHP Warning:  include(): Failed opening '../../footer.php' for inclusion (include_path='.:/usr/share/php') in /var/www/html/pages/mma/evenementmma.php on line 168
[Sat May 11 23:49:26.953081 2024] [php:warn] [pid 822556] [client 3.236.159.246:47762] PHP Warning:  include(../../footer.php): Failed to open stream: No such file or directory in /var/www/html/pages/boxe/classementboxe.php on line 287
[Sat May 11 23:49:26.953122 2024] [php:warn] [pid 822556] [client 3.236.159.246:47762] PHP Warning:  include(): Failed opening '../../footer.php' for inclusion (include_path='.:/usr/share/php') in /var/www/html/pages/boxe/classementboxe.php on line 287
[Sat May 11 23:49:27.592239 2024] [php:error] [pid 864888] [client 3.236.159.246:47656] script '/var/www/html/pages/mma/fidfadal.php' not found or unable to stat
[Sat May 11 23:49:27.595401 2024] [php:error] [pid 822556] [client 3.236.159.246:47762] script '/var/www/html/pages/mma/belaids2r.php' not found or unable to stat
[Sat May 11 23:49:27.596728 2024] [php:error] [pid 574294] [client 3.236.159.246:47754] script '/var/www/html/pages/mma/belaidcheick.php' not found or unable to stat
[Sat May 11 23:49:27.599995 2024] [php:error] [pid 822221] [client 3.236.159.246:47672] script '/var/www/html/pages/mma/fadals2r.php' not found or unable to stat
[Sat May 11 23:49:27.637666 2024] [php:error] [pid 784750] [client 3.236.159.246:47748] script '/var/www/html/pages/mma/fidcomoco.php' not found or unable to stat
[Sat May 11 23:49:27.676697 2024] [php:error] [pid 822556] [client 3.236.159.246:47762] script '/var/www/html/pages/mma/fidsada.php' not found or unable to stat
[Sat May 11 23:49:27.823621 2024] [php:error] [pid 822556] [client 3.236.159.246:47762] script '/var/www/html/pages/mma/fadalwass.php' not found or unable to stat
[Sat May 11 23:49:29.356212 2024] [php:error] [pid 867797] [client 3.236.159.246:47738] script '/var/www/html/pages/boxe/aliasilyas.php' not found or unable to stat
[Sat May 11 23:49:29.372873 2024] [php:error] [pid 867799] [client 3.236.159.246:47804] script '/var/www/html/pages/boxe/fidirs0.php' not found or unable to stat
[Sat May 11 23:49:55.690298 2024] [php:error] [pid 822221] [client 3.236.159.246:40554] script '/var/www/html/pages/boxe/aliasilyas.php' not found or unable to stat
[Sat May 11 23:49:55.692728 2024] [php:error] [pid 822555] [client 3.236.159.246:40564] script '/var/www/html/pages/boxe/fidirs0.php' not found or unable to stat
[Sat May 11 23:49:55.694103 2024] [php:error] [pid 867797] [client 3.236.159.246:40576] script '/var/www/html/pages/mma/belaidcheick.php' not found or unable to stat
[Sat May 11 23:49:55.696104 2024] [php:error] [pid 867801] [client 3.236.159.246:40548] script '/var/www/html/pages/mma/fidsada.php' not found or unable to stat
[Sat May 11 23:49:55.700627 2024] [php:error] [pid 867802] [client 3.236.159.246:40586] script '/var/www/html/pages/mma/fadals2r.php' not found or unable to stat
[Sat May 11 23:49:55.703409 2024] [php:error] [pid 867803] [client 3.236.159.246:40590] script '/var/www/html/pages/mma/fadalwass.php' not found or unable to stat
[Sat May 11 23:49:55.705663 2024] [php:error] [pid 867805] [client 3.236.159.246:40582] script '/var/www/html/pages/mma/belaids2r.php' not found or unable to stat
[Sat May 11 23:49:55.707913 2024] [php:error] [pid 784750] [client 3.236.159.246:40610] script '/var/www/html/pages/mma/fidfadal.php' not found or unable to stat
[Sat May 11 23:49:55.710531 2024] [php:error] [pid 784488] [client 3.236.159.246:40600] script '/var/www/html/pages/mma/fidcomoco.php' not found or unable to stat
[Sun May 12 00:00:40.689021 2024] [core:error] [pid 867804] [client 2620:96:e000:b0cc:e:2:2:9:42042] AH10244: invalid URI path (/../Images/cmwicon.png)
[Sun May 12 00:51:05.973307 2024] [core:error] [pid 867800] [client 2620:96:e000:b0cc:e:2:1:4:33678] AH10244: invalid URI path (/../Images/cmwicon.png)
[Sun May 12 01:18:17.538297 2024] [core:error] [pid 867797] [client 167.94.145.98:39956] AH10244: invalid URI path (/../Images/cmwicon.png)
[Sun May 12 01:57:56.478346 2024] [php:error] [pid 867797] [client 185.100.87.136:36398] script '/var/www/html/ajax.php' not found or unable to stat
[Sun May 12 04:53:15.085200 2024] [php:error] [pid 784750] [client 20.237.235.106:16017] script '/var/www/html/shell.php' not found or unable to stat
[Sun May 12 07:33:44.522337 2024] [core:error] [pid 867800] [client 167.94.138.51:35216] AH10244: invalid URI path (/../Images/cmwicon.png)
[Sun May 12 13:01:24.963927 2024] [php:error] [pid 867803] [client 124.235.243.85:53017] script '/var/www/html/shell.php' not found or unable to stat
[Sun May 12 13:18:09.324115 2024] [php:error] [pid 784750] [client 206.189.57.162:59058] script '/var/www/html/Temporary_Listen_Addresses.php' not found or unable to stat
[Sun May 12 17:11:06.973407 2024] [php:error] [pid 870877] [client 142.93.100.246:19141] script '/var/www/html/sdk.php' not found or unable to stat
[Sun May 12 17:11:06.978603 2024] [php:error] [pid 867803] [client 142.93.100.246:7821] script '/var/www/html/odinhttpcall1715533866.php' not found or unable to stat
[Sun May 12 17:11:07.061978 2024] [php:error] [pid 784750] [client 142.93.100.246:31231] script '/var/www/html/HNAP1.php' not found or unable to stat
[Sun May 12 17:22:11.668577 2024] [core:error] [pid 784750] [client 206.81.26.155:54060] AH10244: invalid URI path (/../Images/cmwicon.png)
[Sun May 12 18:29:51.402818 2024] [php:error] [pid 867800] [client 50.31.21.8:44278] script '/var/www/html/nmaplowercheck1715538591.php' not found or unable to stat
[Sun May 12 18:29:51.606446 2024] [php:error] [pid 784488] [client 50.31.21.8:44282] script '/var/www/html/HNAP1.php' not found or unable to stat
[Sun May 12 18:29:52.273714 2024] [php:error] [pid 867797] [client 50.31.21.8:44304] script '/var/www/html/sdk.php' not found or unable to stat
[Sun May 12 19:36:38.002721 2024] [core:error] [pid 784750] [client 167.94.138.53:52502] AH10244: invalid URI path (/../Images/cmwicon.png)
[Sun May 12 20:18:51.143629 2024] [core:error] [pid 822555] [client 199.45.154.73:58786] AH10244: invalid URI path (/../Images/cmwicon.png)
[Mon May 13 00:07:37.957907 2024] [php:error] [pid 867797] [client 192.241.196.100:58710] script '/var/www/html/version.php' not found or unable to stat
[Mon May 13 00:47:42.341069 2024] [php:error] [pid 867800] [client 192.241.225.66:56756] script '/var/www/html/hudson.php' not found or unable to stat
[Mon May 13 00:52:27.441342 2024] [core:error] [pid 882347] [client 167.94.138.61:41500] AH10244: invalid URI path (/../Images/cmwicon.png)
[Mon May 13 01:36:45.130855 2024] [php:error] [pid 784488] [client 66.249.77.140:51708] script '/var/www/html/pages/mma/belaidcheick.php' not found or unable to stat
[Mon May 13 02:30:44.454828 2024] [php:error] [pid 867803] [client 66.249.77.140:39707] script '/var/www/html/pages/mma/fadals2r.php' not found or unable to stat
[Mon May 13 05:38:08.022664 2024] [php:error] [pid 867803] [client 103.112.62.50:34738] script '/var/www/html/phpinfo.php' not found or unable to stat
[Mon May 13 05:38:08.712447 2024] [php:error] [pid 867800] [client 103.112.62.50:34766] script '/var/www/html/info.php' not found or unable to stat
[Mon May 13 06:12:48.335733 2024] [php:warn] [pid 870877] [client 47.128.123.73:57410] PHP Warning:  include(../../footer.php): Failed to open stream: No such file or directory in /var/www/html/pages/mma/classementmma.php on line 334
[Mon May 13 06:12:48.335928 2024] [php:warn] [pid 870877] [client 47.128.123.73:57410] PHP Warning:  include(): Failed opening '../../footer.php' for inclusion (include_path='.:/usr/share/php') in /var/www/html/pages/mma/classementmma.php on line 334
[Mon May 13 06:13:12.517405 2024] [php:warn] [pid 784488] [client 47.128.22.83:15358] PHP Warning:  include(../../footer.php): Failed to open stream: No such file or directory in /var/www/html/pages/mma/classementmma.php on line 334
[Mon May 13 06:13:12.517563 2024] [php:warn] [pid 784488] [client 47.128.22.83:15358] PHP Warning:  include(): Failed opening '../../footer.php' for inclusion (include_path='.:/usr/share/php') in /var/www/html/pages/mma/classementmma.php on line 334
[Mon May 13 08:32:57.543988 2024] [php:error] [pid 870877] [client 83.142.147.16:51704] script '/var/www/html/z.php' not found or unable to stat
[Mon May 13 08:33:50.784021 2024] [php:error] [pid 882336] [client 83.142.147.16:51719] script '/var/www/html/z.php' not found or unable to stat
[Mon May 13 09:16:44.327253 2024] [core:error] [pid 889646] [client 199.45.155.50:40096] AH10244: invalid URI path (/../Images/cmwicon.png)
[Mon May 13 09:33:00.398671 2024] [core:error] [pid 889640] [client 199.45.155.29:60700] AH10244: invalid URI path (/../Images/cmwicon.png)
[Mon May 13 14:06:16.743742 2024] [php:warn] [pid 867797] [client 83.142.147.16:51646] PHP Warning:  include(../../footer.php): Failed to open stream: No such file or directory in /var/www/html/pages/boxe/classementboxe.php on line 287, referer: https://www.cmwfight.fr/
[Mon May 13 14:06:16.744593 2024] [php:warn] [pid 867797] [client 83.142.147.16:51646] PHP Warning:  include(): Failed opening '../../footer.php' for inclusion (include_path='.:/usr/share/php') in /var/www/html/pages/boxe/classementboxe.php on line 287, referer: https://www.cmwfight.fr/
[Mon May 13 14:06:19.855338 2024] [php:warn] [pid 784488] [client 83.142.147.16:51649] PHP Warning:  include(../../footer.php): Failed to open stream: No such file or directory in /var/www/html/pages/mma/classementmma.php on line 334, referer: https://www.cmwfight.fr/pages/boxe/classementboxe
[Mon May 13 14:06:19.855496 2024] [php:warn] [pid 784488] [client 83.142.147.16:51649] PHP Warning:  include(): Failed opening '../../footer.php' for inclusion (include_path='.:/usr/share/php') in /var/www/html/pages/mma/classementmma.php on line 334, referer: https://www.cmwfight.fr/pages/boxe/classementboxe
[Mon May 13 17:06:08.244078 2024] [php:error] [pid 867803] [client 20.117.209.57:63047] script '/var/www/html/xmlrpc.php' not found or unable to stat
[Mon May 13 19:46:55.465515 2024] [core:error] [pid 870877] [client 167.94.146.51:37638] AH10244: invalid URI path (/../Images/cmwicon.png)
[Mon May 13 21:14:57.335994 2024] [php:warn] [pid 889640] [client 207.46.13.78:36313] PHP Warning:  include(../../footer.php): Failed to open stream: No such file or directory in /var/www/html/pages/boxe/evenementboxe.php on line 113
[Mon May 13 21:14:57.336396 2024] [php:warn] [pid 889640] [client 207.46.13.78:36313] PHP Warning:  include(): Failed opening '../../footer.php' for inclusion (include_path='.:/usr/share/php') in /var/www/html/pages/boxe/evenementboxe.php on line 113
[Mon May 13 23:10:56.578511 2024] [core:error] [pid 882347] [client 167.248.133.40:52648] AH10244: invalid URI path (/../Images/cmwicon.png)
[Tue May 14 00:09:09.833077 2024] [core:error] [pid 889646] [client 167.94.145.96:50754] AH10244: invalid URI path (/../Images/cmwicon.png)
[Tue May 14 01:09:14.798834 2024] [core:error] [pid 784488] [client 2620:96:e000:b0cc:e:2:1:5:34252] AH10244: invalid URI path (/../Images/cmwicon.png)
[Tue May 14 04:12:26.384946 2024] [php:error] [pid 867802] [client 107.170.240.34:40702] script '/var/www/html/login.php' not found or unable to stat
[Tue May 14 06:15:32.721016 2024] [php:error] [pid 784488] [client 104.131.144.28:39634] script '/var/www/html/login.php' not found or unable to stat
[Tue May 14 06:47:14.615608 2024] [authz_core:error] [pid 870877] [client 45.156.129.12:60666] AH01630: client denied by server configuration: /var/www/html/admin/.php
[Tue May 14 06:48:23.598188 2024] [core:error] [pid 882347] [client 45.156.129.12:56944] AH10244: invalid URI path (/icons/.%%32%65/.%%32%65/apache2/icons/non-existant-image.png)
[Tue May 14 06:48:24.026858 2024] [core:error] [pid 882336] [client 45.156.129.12:56954] AH10244: invalid URI path (/icons/.%%32%65/.%%32%65/apache2/icons/sphere1.png)
[Tue May 14 06:48:24.445290 2024] [core:error] [pid 867802] [client 45.156.129.12:56958] AH10244: invalid URI path (/icons/.%2e/%2e%2e/apache2/icons/sphere1.png)
[Tue May 14 06:48:42.401316 2024] [php:error] [pid 867797] [client 45.156.129.12:36896] script '/var/www/html/identity.php' not found or unable to stat
[Tue May 14 09:21:36.351355 2024] [ssl:error] [pid 867802] [client 44.220.185.248:35870] AH02042: rejecting client initiated renegotiation
[Tue May 14 09:43:08.154044 2024] [php:error] [pid 870877] [client 83.97.73.245:58162] script '/var/www/html/cacti.php' not found or unable to stat
[Tue May 14 09:48:47.633509 2024] [php:error] [pid 889640] [client 143.110.182.33:41478] script '/var/www/html/Temporary_Listen_Addresses.php' not found or unable to stat
[Tue May 14 12:54:17.266402 2024] [php:warn] [pid 915440] [client 83.142.147.16:58422] PHP Warning:  include(../../footer.php): Failed to open stream: No such file or directory in /var/www/html/pages/mma/classementmma.php on line 334, referer: https://www.cmwfight.fr/pages/mma/combattantmma
[Tue May 14 12:54:17.266857 2024] [php:warn] [pid 915440] [client 83.142.147.16:58422] PHP Warning:  include(): Failed opening '../../footer.php' for inclusion (include_path='.:/usr/share/php') in /var/www/html/pages/mma/classementmma.php on line 334, referer: https://www.cmwfight.fr/pages/mma/combattantmma
[Tue May 14 13:52:41.007559 2024] [php:warn] [pid 784488] [client 83.142.147.16:59350] PHP Warning:  include(../../footer.php): Failed to open stream: No such file or directory in /var/www/html/pages/boxe/evenementboxe.php on line 113, referer: https://www.cmwfight.fr/pages/mma/classementmma
[Tue May 14 13:52:41.007864 2024] [php:warn] [pid 784488] [client 83.142.147.16:59350] PHP Warning:  include(): Failed opening '../../footer.php' for inclusion (include_path='.:/usr/share/php') in /var/www/html/pages/boxe/evenementboxe.php on line 113, referer: https://www.cmwfight.fr/pages/mma/classementmma
[Tue May 14 15:04:45.122562 2024] [php:error] [pid 917678] [client 103.130.219.128:33938] script '/var/www/html/wp-login.php' not found or unable to stat, referer: http://www.cmwfight.fr/wp-login.php
[Tue May 14 15:47:29.557203 2024] [core:error] [pid 867797] [client 2620:96:e000:b0cc:e:2:7:8:41044] AH10244: invalid URI path (/../Images/cmwicon.png)
[Tue May 14 16:20:29.878188 2024] [php:error] [pid 917680] [client 185.91.69.110:58780] script '/var/www/html/WuEL.php' not found or unable to stat
[Tue May 14 16:20:35.064094 2024] [php:error] [pid 915594] [client 185.91.69.110:58808] script '/var/www/html/a.php' not found or unable to stat
[Tue May 14 16:20:39.336357 2024] [php:error] [pid 867797] [client 185.91.69.110:36298] script '/var/www/html/SiteLoader.php' not found or unable to stat
[Tue May 14 16:20:41.989141 2024] [php:error] [pid 917678] [client 185.91.69.110:36314] script '/var/www/html/mPlayer.php' not found or unable to stat
[Tue May 14 16:24:37.018530 2024] [core:error] [pid 784488] [client 1.202.113.234:26796] AH10244: invalid URI path (/../Images/cmwicon.png)
[Tue May 14 19:31:13.529313 2024] [php:error] [pid 917678] [client 45.95.169.184:56768] script '/var/www/html/FD873AC4-CF86-4FED-84EC-4BD59C6F17A7.php' not found or unable to stat
